LCD.c:35:6:lcd_write_byte	16	static
LCD.c:52:6:lcd_write_word	16	static
LCD.c:65:6:lcd_write_register	16	static
LCD.c:74:6:lcd_set_cursor	16	static
LCD.c:88:6:lcd_clear_screen	24	static
LCD.c:116:6:lcd_set_window	24	static
LCD.c:130:6:lcd_draw_point	16	static
LCD.c:142:6:lcd_display_char	32	static
LCD.c:185:17:_pow	24	static
LCD.c:194:6:lcd_display_num	48	static
LCD.c:223:6:lcd_display_string	40	static
LCD.c:251:6:lcd_draw_line	56	static
LCD.c:282:6:lcd_draw_circle	40	static
LCD.c:308:6:lcd_fill_rect	32	static
LCD.c:334:6:ILI9341_Draw_Hollow_Rectangle_Coord	48	static
LCD.c:384:6:ILI9341_Draw_Horizontal_Line	32	static
LCD.c:396:6:ILI9341_Draw_Vertical_Line	32	static
LCD.c:407:6:ILI9341_Draw_Char	48	static
LCD.c:446:6:ILI9341_Draw_Text	40	static
LCD.c:454:6:lcd_draw_mono_image	48	static
LCD.c:482:6:lcd_init	8	static
