Archive member included to satisfy reference by file (symbol)

d:/programs/st/stm32cubeide_1.8.0/stm32cubeide/plugins/com.st.stm32cube.ide.mcu.externaltools.gnu-tools-for-stm32.9-2020-q2-update.win32_2.0.0.202105311346/tools/bin/../lib/gcc/arm-none-eabi/9.3.1/../../../../arm-none-eabi/lib/thumb/v7e-m+dp/hard\libc_nano.a(lib_a-errno.o)
                              ./Core/Src/syscalls.o (__errno)
d:/programs/st/stm32cubeide_1.8.0/stm32cubeide/plugins/com.st.stm32cube.ide.mcu.externaltools.gnu-tools-for-stm32.9-2020-q2-update.win32_2.0.0.202105311346/tools/bin/../lib/gcc/arm-none-eabi/9.3.1/../../../../arm-none-eabi/lib/thumb/v7e-m+dp/hard\libc_nano.a(lib_a-exit.o)
                              d:/programs/st/stm32cubeide_1.8.0/stm32cubeide/plugins/com.st.stm32cube.ide.mcu.externaltools.gnu-tools-for-stm32.9-2020-q2-update.win32_2.0.0.202105311346/tools/bin/../lib/gcc/arm-none-eabi/9.3.1/../../../../arm-none-eabi/lib/thumb/v7e-m+dp/hard/crt0.o (exit)
d:/programs/st/stm32cubeide_1.8.0/stm32cubeide/plugins/com.st.stm32cube.ide.mcu.externaltools.gnu-tools-for-stm32.9-2020-q2-update.win32_2.0.0.202105311346/tools/bin/../lib/gcc/arm-none-eabi/9.3.1/../../../../arm-none-eabi/lib/thumb/v7e-m+dp/hard\libc_nano.a(lib_a-impure.o)
                              d:/programs/st/stm32cubeide_1.8.0/stm32cubeide/plugins/com.st.stm32cube.ide.mcu.externaltools.gnu-tools-for-stm32.9-2020-q2-update.win32_2.0.0.202105311346/tools/bin/../lib/gcc/arm-none-eabi/9.3.1/../../../../arm-none-eabi/lib/thumb/v7e-m+dp/hard\libc_nano.a(lib_a-exit.o) (_global_impure_ptr)
d:/programs/st/stm32cubeide_1.8.0/stm32cubeide/plugins/com.st.stm32cube.ide.mcu.externaltools.gnu-tools-for-stm32.9-2020-q2-update.win32_2.0.0.202105311346/tools/bin/../lib/gcc/arm-none-eabi/9.3.1/../../../../arm-none-eabi/lib/thumb/v7e-m+dp/hard\libc_nano.a(lib_a-init.o)
                              d:/programs/st/stm32cubeide_1.8.0/stm32cubeide/plugins/com.st.stm32cube.ide.mcu.externaltools.gnu-tools-for-stm32.9-2020-q2-update.win32_2.0.0.202105311346/tools/bin/../lib/gcc/arm-none-eabi/9.3.1/../../../../arm-none-eabi/lib/thumb/v7e-m+dp/hard/crt0.o (__libc_init_array)
d:/programs/st/stm32cubeide_1.8.0/stm32cubeide/plugins/com.st.stm32cube.ide.mcu.externaltools.gnu-tools-for-stm32.9-2020-q2-update.win32_2.0.0.202105311346/tools/bin/../lib/gcc/arm-none-eabi/9.3.1/../../../../arm-none-eabi/lib/thumb/v7e-m+dp/hard\libc_nano.a(lib_a-memset.o)
                              d:/programs/st/stm32cubeide_1.8.0/stm32cubeide/plugins/com.st.stm32cube.ide.mcu.externaltools.gnu-tools-for-stm32.9-2020-q2-update.win32_2.0.0.202105311346/tools/bin/../lib/gcc/arm-none-eabi/9.3.1/../../../../arm-none-eabi/lib/thumb/v7e-m+dp/hard/crt0.o (memset)
d:/programs/st/stm32cubeide_1.8.0/stm32cubeide/plugins/com.st.stm32cube.ide.mcu.externaltools.gnu-tools-for-stm32.9-2020-q2-update.win32_2.0.0.202105311346/tools/bin/../lib/gcc/arm-none-eabi/9.3.1/../../../../arm-none-eabi/lib/thumb/v7e-m+dp/hard\libc_nano.a(lib_a-sprintf.o)
                              ./Core/Src/main.o (sprintf)
d:/programs/st/stm32cubeide_1.8.0/stm32cubeide/plugins/com.st.stm32cube.ide.mcu.externaltools.gnu-tools-for-stm32.9-2020-q2-update.win32_2.0.0.202105311346/tools/bin/../lib/gcc/arm-none-eabi/9.3.1/../../../../arm-none-eabi/lib/thumb/v7e-m+dp/hard\libc_nano.a(lib_a-nano-svfprintf.o)
                              d:/programs/st/stm32cubeide_1.8.0/stm32cubeide/plugins/com.st.stm32cube.ide.mcu.externaltools.gnu-tools-for-stm32.9-2020-q2-update.win32_2.0.0.202105311346/tools/bin/../lib/gcc/arm-none-eabi/9.3.1/../../../../arm-none-eabi/lib/thumb/v7e-m+dp/hard\libc_nano.a(lib_a-sprintf.o) (_svfprintf_r)
d:/programs/st/stm32cubeide_1.8.0/stm32cubeide/plugins/com.st.stm32cube.ide.mcu.externaltools.gnu-tools-for-stm32.9-2020-q2-update.win32_2.0.0.202105311346/tools/bin/../lib/gcc/arm-none-eabi/9.3.1/../../../../arm-none-eabi/lib/thumb/v7e-m+dp/hard\libc_nano.a(lib_a-nano-vfprintf_i.o)
                              d:/programs/st/stm32cubeide_1.8.0/stm32cubeide/plugins/com.st.stm32cube.ide.mcu.externaltools.gnu-tools-for-stm32.9-2020-q2-update.win32_2.0.0.202105311346/tools/bin/../lib/gcc/arm-none-eabi/9.3.1/../../../../arm-none-eabi/lib/thumb/v7e-m+dp/hard\libc_nano.a(lib_a-nano-svfprintf.o) (_printf_i)
d:/programs/st/stm32cubeide_1.8.0/stm32cubeide/plugins/com.st.stm32cube.ide.mcu.externaltools.gnu-tools-for-stm32.9-2020-q2-update.win32_2.0.0.202105311346/tools/bin/../lib/gcc/arm-none-eabi/9.3.1/../../../../arm-none-eabi/lib/thumb/v7e-m+dp/hard\libc_nano.a(lib_a-memchr.o)
                              d:/programs/st/stm32cubeide_1.8.0/stm32cubeide/plugins/com.st.stm32cube.ide.mcu.externaltools.gnu-tools-for-stm32.9-2020-q2-update.win32_2.0.0.202105311346/tools/bin/../lib/gcc/arm-none-eabi/9.3.1/../../../../arm-none-eabi/lib/thumb/v7e-m+dp/hard\libc_nano.a(lib_a-nano-svfprintf.o) (memchr)
[...]
Memory Configuration

Name             Origin             Length             Attributes
RAM              0x0000000020000000 0x0000000000080000 xrw
FLASH            0x0000000008000000 0x0000000000200000 xr
*default*        0x0000000000000000 0xffffffffffffffff

Linker script and memory map

LOAD d:/programs/st/stm32cubeide_1.8.0/stm32cubeide/plugins/com.st.stm32cube.ide.mcu.externaltools.gnu-tools-for-stm32.9-2020-q2-update.win32_2.0.0.202105311346/tools/bin/../lib/gcc/arm-none-eabi/9.3.1/thumb/v7e-m+dp/hard/crti.o
LOAD d:/programs/st/stm32cubeide_1.8.0/stm32cubeide/plugins/com.st.stm32cube.ide.mcu.externaltools.gnu-tools-for-stm32.9-2020-q2-update.win32_2.0.0.202105311346/tools/bin/../lib/gcc/arm-none-eabi/9.3.1/thumb/v7e-m+dp/hard/crtbegin.o
LOAD d:/programs/st/stm32cubeide_1.8.0/stm32cubeide/plugins/com.st.stm32cube.ide.mcu.externaltools.gnu-tools-for-stm32.9-2020-q2-update.win32_2.0.0.202105311346/tools/bin/../lib/gcc/arm-none-eabi/9.3.1/../../../../arm-none-eabi/lib/thumb/v7e-m+dp/hard/crt0.o
LOAD ./Core/Src/main.o
LOAD ./Core/Src/stm32f7xx_hal_msp.o
LOAD ./Core/Src/stm32f7xx_it.o
LOAD ./Core/Src/syscalls.o
LOAD ./Core/Src/sysmem.o
LOAD ./Core/Src/system_stm32f7xx.o
LOAD ./Core/Startup/startup_stm32f767zitx.o
LOAD ./Core/XPT2046/LCD.o
LOAD ./Core/XPT2046/Touch.o
LOAD ./Core/XPT2046/XPT2046.o
LOAD ./Drivers/STM32F7xx_HAL_Driver/Src/stm32f7xx_hal.o
LOAD ./Drivers/STM32F7xx_HAL_Driver/Src/stm32f7xx_hal_adc.o
LOAD ./Drivers/STM32F7xx_HAL_Driver/Src/stm32f7xx_hal_adc_ex.o
LOAD ./Drivers/STM32F7xx_HAL_Driver/Src/stm32f7xx_hal_cortex.o
LOAD ./Drivers/STM32F7xx_HAL_Driver/Src/stm32f7xx_hal_dma.o
LOAD ./Drivers/STM32F7xx_HAL_Driver/Src/stm32f7xx_hal_dma_ex.o
LOAD ./Drivers/STM32F7xx_HAL_Driver/Src/stm32f7xx_hal_exti.o
LOAD ./Drivers/STM32F7xx_HAL_Driver/Src/stm32f7xx_hal_flash.o
LOAD ./Drivers/STM32F7xx_HAL_Driver/Src/stm32f7xx_hal_flash_ex.o
LOAD ./Drivers/STM32F7xx_HAL_Driver/Src/stm32f7xx_hal_gpio.o
LOAD ./Drivers/STM32F7xx_HAL_Driver/Src/stm32f7xx_hal_i2c.o
LOAD ./Drivers/STM32F7xx_HAL_Driver/Src/stm32f7xx_hal_i2c_ex.o
LOAD ./Drivers/STM32F7xx_HAL_Driver/Src/stm32f7xx_hal_pwr.o
LOAD ./Drivers/STM32F7xx_HAL_Driver/Src/stm32f7xx_hal_pwr_ex.o
LOAD ./Drivers/STM32F7xx_HAL_Driver/Src/stm32f7xx_hal_rcc.o
LOAD ./Drivers/STM32F7xx_HAL_Driver/Src/stm32f7xx_hal_rcc_ex.o
LOAD ./Drivers/STM32F7xx_HAL_Driver/Src/stm32f7xx_hal_rng.o
LOAD ./Drivers/STM32F7xx_HAL_Driver/Src/stm32f7xx_hal_spi.o
LOAD ./Drivers/STM32F7xx_HAL_Driver/Src/stm32f7xx_hal_spi_ex.o
LOAD ./Drivers/STM32F7xx_HAL_Driver/Src/stm32f7xx_hal_tim.o
LOAD ./Drivers/STM32F7xx_HAL_Driver/Src/stm32f7xx_hal_tim_ex.o
LOAD ./Drivers/STM32F7xx_HAL_Driver/Src/stm32f7xx_hal_uart.o
LOAD ./Drivers/STM32F7xx_HAL_Driver/Src/stm32f7xx_hal_uart_ex.o
START GROUP
LOAD d:/programs/st/stm32cubeide_1.8.0/stm32cubeide/plugins/com.st.stm32cube.ide.mcu.externaltools.gnu-tools-for-stm32.9-2020-q2-update.win32_2.0.0.202105311346/tools/bin/../lib/gcc/arm-none-eabi/9.3.1/../../../../arm-none-eabi/lib/thumb/v7e-m+dp/hard\libc_nano.a
LOAD d:/programs/st/stm32cubeide_1.8.0/stm32cubeide/plugins/com.st.stm32cube.ide.mcu.externaltools.gnu-tools-for-stm32.9-2020-q2-update.win32_2.0.0.202105311346/tools/bin/../lib/gcc/arm-none-eabi/9.3.1/../../../../arm-none-eabi/lib/thumb/v7e-m+dp/hard\libm.a
END GROUP
START GROUP
LOAD d:/programs/st/stm32cubeide_1.8.0/stm32cubeide/plugins/com.st.stm32cube.ide.mcu.externaltools.gnu-tools-for-stm32.9-2020-q2-update.win32_2.0.0.202105311346/tools/bin/../lib/gcc/arm-none-eabi/9.3.1/thumb/v7e-m+dp/hard\libgcc.a
LOAD d:/programs/st/stm32cubeide_1.8.0/stm32cubeide/plugins/com.st.stm32cube.ide.mcu.externaltools.gnu-tools-for-stm32.9-2020-q2-update.win32_2.0.0.202105311346/tools/bin/../lib/gcc/arm-none-eabi/9.3.1/../../../../arm-none-eabi/lib/thumb/v7e-m+dp/hard\libc_nano.a
END GROUP
START GROUP
LOAD d:/programs/st/stm32cubeide_1.8.0/stm32cubeide/plugins/com.st.stm32cube.ide.mcu.externaltools.gnu-tools-for-stm32.9-2020-q2-update.win32_2.0.0.202105311346/tools/bin/../lib/gcc/arm-none-eabi/9.3.1/thumb/v7e-m+dp/hard\libgcc.a
LOAD d:/programs/st/stm32cubeide_1.8.0/stm32cubeide/plugins/com.st.stm32cube.ide.mcu.externaltools.gnu-tools-for-stm32.9-2020-q2-update.win32_2.0.0.202105311346/tools/bin/../lib/gcc/arm-none-eabi/9.3.1/../../../../arm-none-eabi/lib/thumb/v7e-m+dp/hard\libc_nano.a
LOAD d:/programs/st/stm32cubeide_1.8.0/stm32cubeide/plugins/com.st.stm32cube.ide.mcu.externaltools.gnu-tools-for-stm32.9-2020-q2-update.win32_2.0.0.202105311346/tools/bin/../lib/gcc/arm-none-eabi/9.3.1/../../../../arm-none-eabi/lib/thumb/v7e-m+dp/hard\libnosys.a
END GROUP
START GROUP
LOAD d:/programs/st/stm32cubeide_1.8.0/stm32cubeide/plugins/com.st.stm32cube.ide.mcu.externaltools.gnu-tools-for-stm32.9-2020-q2-update.win32_2.0.0.202105311346/tools/bin/../lib/gcc/arm-none-eabi/9.3.1/thumb/v7e-m+dp/hard\libgcc.a
LOAD d:/programs/st/stm32cubeide_1.8.0/stm32cubeide/plugins/com.st.stm32cube.ide.mcu.externaltools.gnu-tools-for-stm32.9-2020-q2-update.win32_2.0.0.202105311346/tools/bin/../lib/gcc/arm-none-eabi/9.3.1/../../../../arm-none-eabi/lib/thumb/v7e-m+dp/hard\libc_nano.a
LOAD d:/programs/st/stm32cubeide_1.8.0/stm32cubeide/plugins/com.st.stm32cube.ide.mcu.externaltools.gnu-tools-for-stm32.9-2020-q2-update.win32_2.0.0.202105311346/tools/bin/../lib/gcc/arm-none-eabi/9.3.1/../../../../arm-none-eabi/lib/thumb/v7e-m+dp/hard\libnosys.a
END GROUP
LOAD d:/programs/st/stm32cubeide_1.8.0/stm32cubeide/plugins/com.st.stm32cube.ide.mcu.externaltools.gnu-tools-for-stm32.9-2020-q2-update.win32_2.0.0.202105311346/tools/bin/../lib/gcc/arm-none-eabi/9.3.1/thumb/v7e-m+dp/hard/crtend.o
LOAD d:/programs/st/stm32cubeide_1.8.0/stm32cubeide/plugins/com.st.stm32cube.ide.mcu.externaltools.gnu-tools-for-stm32.9-2020-q2-update.win32_2.0.0.202105311346/tools/bin/../lib/gcc/arm-none-eabi/9.3.1/thumb/v7e-m+dp/hard/crtn.o
                0x0000000020080000                _estack = (ORIGIN (RAM) + LENGTH (RAM))
                0x0000000000000200                _Min_Heap_Size = 0x200
                0x0000000000000400                _Min_Stack_Size = 0x400

.isr_vector     0x0000000008000000      0x1f8
                0x0000000008000000                . = ALIGN (0x4)
 *(.isr_vector)
 .isr_vector    0x0000000008000000      0x1f8 ./Core/Startup/startup_stm32f767zitx.o
                0x0000000008000000                g_pfnVectors
                0x00000000080001f8                . = ALIGN (0x4)

.text           0x0000000008000200     0x6f4c
                0x0000000008000200                . = ALIGN (0x4)
 *(.text)
 .text          0x0000000008000200       0x40 d:/programs/st/stm32cubeide_1.8.0/stm32cubeide/plugins/com.st.stm32cube.ide.mcu.externaltools.gnu-tools-for-stm32.9-2020-q2-update.win32_2.0.0.202105311346/tools/bin/../lib/gcc/arm-none-eabi/9.3.1/thumb/v7e-m+dp/hard/crtbegin.o
 .text          0x0000000008000240       0xa0 d:/programs/st/stm32cubeide_1.8.0/stm32cubeide/plugins/com.st.stm32cube.ide.mcu.externaltools.gnu-tools-for-stm32.9-2020-q2-update.win32_2.0.0.202105311346/tools/bin/../lib/gcc/arm-none-eabi/9.3.1/../../../../arm-none-eabi/lib/thumb/v7e-m+dp/hard\libc_nano.a(lib_a-memchr.o)
                0x0000000008000240                memchr
 .text          0x00000000080002e0       0x30 d:/programs/st/stm32cubeide_1.8.0/stm32cubeide/plugins/com.st.stm32cube.ide.mcu.externaltools.gnu-tools-for-stm32.9-2020-q2-update.win32_2.0.0.202105311346/tools/bin/../lib/gcc/arm-none-eabi/9.3.1/thumb/v7e-m+dp/hard\libgcc.a(_aeabi_uldivmod.o)
                0x00000000080002e0                __aeabi_uldivmod
 .text          0x0000000008000310      0x2c4 d:/programs/st/stm32cubeide_1.8.0/stm32cubeide/plugins/com.st.stm32cube.ide.mcu.externaltools.gnu-tools-for-stm32.9-2020-q2-update.win32_2.0.0.202105311346/tools/bin/../lib/gcc/arm-none-eabi/9.3.1/thumb/v7e-m+dp/hard\libgcc.a(_udivmoddi4.o)
                0x0000000008000310                __udivmoddi4
 .text          0x00000000080005d4        0x4 d:/programs/st/stm32cubeide_1.8.0/stm32cubeide/plugins/com.st.stm32cube.ide.mcu.externaltools.gnu-tools-for-stm32.9-2020-q2-update.win32_2.0.0.202105311346/tools/bin/../lib/gcc/arm-none-eabi/9.3.1/thumb/v7e-m+dp/hard\libgcc.a(_dvmd_tls.o)
                0x00000000080005d4                __aeabi_idiv0
                0x00000000080005d4                __aeabi_ldiv0
 *(.text*)
 .text.joy_direction
                0x00000000080005d8       0x7c ./Core/Src/main.o
                0x00000000080005d8                joy_direction
 .text.joy_digit
                0x0000000008000654       0xec ./Core/Src/main.o
                0x0000000008000654                joy_digit
 .text.draw_snake
                0x0000000008000740      0x3dc ./Core/Src/main.o
                0x0000000008000740                draw_snake
 .text.snake_to_field
                0x0000000008000b1c       0x84 ./Core/Src/main.o
                0x0000000008000b1c                snake_to_field
 .text.upd_score
                0x0000000008000ba0       0x4c ./Core/Src/main.o
                0x0000000008000ba0                upd_score
 .text.upd_turtles
                0x0000000008000bec       0x4c ./Core/Src/main.o
                0x0000000008000bec                upd_turtles
 .text.draw_interface
                0x0000000008000c38      0x380 ./Core/Src/main.o
                0x0000000008000c38                draw_interface
 .text.new_snake
                0x0000000008000fb8       0xc0 ./Core/Src/main.o
                0x0000000008000fb8                new_snake
 .text.game_over
                0x0000000008001078       0xb8 ./Core/Src/main.o
                0x0000000008001078                game_over
 .text.add_food
                0x0000000008001130       0xe8 ./Core/Src/main.o
                0x0000000008001130                add_food
 .text.check_contact
                0x0000000008001218      0x104 ./Core/Src/main.o
                0x0000000008001218                check_contact
 .text.shift_arr_snake
                0x000000000800131c       0x60 ./Core/Src/main.o
                0x000000000800131c                shift_arr_snake
 .text.move_snake
                0x000000000800137c      0x198 ./Core/Src/main.o
                0x000000000800137c                move_snake
 .text.draw_arrow
                0x0000000008001514      0x168 ./Core/Src/main.o
                0x0000000008001514                draw_arrow
 .text.draw_menu
                0x000000000800167c      0x3dc ./Core/Src/main.o
                0x000000000800167c                draw_menu
 .text.change_color
                0x0000000008001a58       0xe8 ./Core/Src/main.o
                0x0000000008001a58                change_color
 .text.menu     0x0000000008001b40      0x240 ./Core/Src/main.o
                0x0000000008001b40                menu
 .text.start_game
                0x0000000008001d80       0x22 ./Core/Src/main.o
                0x0000000008001d80                start_game
 *fill*         0x0000000008001da2        0x2 
 .text.main     0x0000000008001da4       0xe0 ./Core/Src/main.o
                0x0000000008001da4                main
 .text.SystemClock_Config
                0x0000000008001e84       0xe4 ./Core/Src/main.o
                0x0000000008001e84                SystemClock_Config
 .text.MX_ADC3_Init
                0x0000000008001f68      0x134 ./Core/Src/main.o
 .text.MX_RNG_Init
                0x000000000800209c       0x28 ./Core/Src/main.o
 .text.MX_SPI1_Init
                0x00000000080020c4       0x7c ./Core/Src/main.o
 .text.MX_USART3_UART_Init
                0x0000000008002140       0x60 ./Core/Src/main.o
 .text.MX_GPIO_Init
                0x00000000080021a0      0x224 ./Core/Src/main.o
 .text.Error_Handler
                0x00000000080023c4        0xa ./Core/Src/main.o
                0x00000000080023c4                Error_Handler
 *fill*         0x00000000080023ce        0x2 
 .text.HAL_MspInit
                0x00000000080023d0       0x48 ./Core/Src/stm32f7xx_hal_msp.o
                0x00000000080023d0                HAL_MspInit
 .text.HAL_ADC_MspInit
                0x0000000008002418       0x80 ./Core/Src/stm32f7xx_hal_msp.o
                0x0000000008002418                HAL_ADC_MspInit
 .text.HAL_RNG_MspInit
                0x0000000008002498       0x68 ./Core/Src/stm32f7xx_hal_msp.o
                0x0000000008002498                HAL_RNG_MspInit
 .text.HAL_SPI_MspInit
                0x0000000008002500       0x88 ./Core/Src/stm32f7xx_hal_msp.o
                0x0000000008002500                HAL_SPI_MspInit
 .text.HAL_UART_MspInit
                0x0000000008002588       0xc0 ./Core/Src/stm32f7xx_hal_msp.o
                0x0000000008002588                HAL_UART_MspInit
 .text.NMI_Handler
                0x0000000008002648        0x6 ./Core/Src/stm32f7xx_it.o
                0x0000000008002648                NMI_Handler
 .text.HardFault_Handler
                0x000000000800264e        0x6 ./Core/Src/stm32f7xx_it.o
                0x000000000800264e                HardFault_Handler
 .text.MemManage_Handler
                0x0000000008002654        0x6 ./Core/Src/stm32f7xx_it.o
                0x0000000008002654                MemManage_Handler
 .text.BusFault_Handler
                0x000000000800265a        0x6 ./Core/Src/stm32f7xx_it.o
                0x000000000800265a                BusFault_Handler
 .text.UsageFault_Handler
                0x0000000008002660        0x6 ./Core/Src/stm32f7xx_it.o
                0x0000000008002660                UsageFault_Handler
 .text.SVC_Handler
                0x0000000008002666        0xe ./Core/Src/stm32f7xx_it.o
                0x0000000008002666                SVC_Handler
 .text.DebugMon_Handler
                0x0000000008002674        0xe ./Core/Src/stm32f7xx_it.o
                0x0000000008002674                DebugMon_Handler
 .text.PendSV_Handler
                0x0000000008002682        0xe ./Core/Src/stm32f7xx_it.o
                0x0000000008002682                PendSV_Handler
 .text.SysTick_Handler
                0x0000000008002690        0xc ./Core/Src/stm32f7xx_it.o
                0x0000000008002690                SysTick_Handler
 .text._sbrk    0x000000000800269c       0x6c ./Core/Src/sysmem.o
                0x000000000800269c                _sbrk
 .text.SystemInit
                0x0000000008002708       0x24 ./Core/Src/system_stm32f7xx.o
                0x0000000008002708                SystemInit
 .text.Reset_Handler
                0x000000000800272c       0x50 ./Core/Startup/startup_stm32f767zitx.o
                0x000000000800272c                Reset_Handler
 .text.Default_Handler
                0x000000000800277c        0x2 ./Core/Startup/startup_stm32f767zitx.o
                0x000000000800277c                RTC_Alarm_IRQHandler
                0x000000000800277c                EXTI2_IRQHandler
                0x000000000800277c                TIM8_CC_IRQHandler
                0x000000000800277c                UART8_IRQHandler
                0x000000000800277c                SPI4_IRQHandler
                0x000000000800277c                TIM1_CC_IRQHandler
                0x000000000800277c                DMA2_Stream5_IRQHandler
                0x000000000800277c                JPEG_IRQHandler
                0x000000000800277c                DMA1_Stream5_IRQHandler
                0x000000000800277c                CAN3_RX1_IRQHandler
                0x000000000800277c                PVD_IRQHandler
                0x000000000800277c                TAMP_STAMP_IRQHandler
                0x000000000800277c                CAN2_RX1_IRQHandler
                0x000000000800277c                EXTI3_IRQHandler
                0x000000000800277c                TIM8_TRG_COM_TIM14_IRQHandler
                0x000000000800277c                DFSDM1_FLT1_IRQHandler
                0x000000000800277c                TIM1_UP_TIM10_IRQHandler
                0x000000000800277c                TIM8_UP_TIM13_IRQHandler
                0x000000000800277c                I2C3_ER_IRQHandler
                0x000000000800277c                DFSDM1_FLT2_IRQHandler
                0x000000000800277c                EXTI0_IRQHandler
                0x000000000800277c                I2C2_EV_IRQHandler
                0x000000000800277c                DMA1_Stream2_IRQHandler
                0x000000000800277c                CAN1_RX0_IRQHandler
                0x000000000800277c                FPU_IRQHandler
                0x000000000800277c                OTG_HS_WKUP_IRQHandler
                0x000000000800277c                CAN3_SCE_IRQHandler
                0x000000000800277c                LTDC_ER_IRQHandler
                0x000000000800277c                CAN2_SCE_IRQHandler
                0x000000000800277c                DMA2_Stream2_IRQHandler
                0x000000000800277c                SPI1_IRQHandler
                0x000000000800277c                TIM6_DAC_IRQHandler
                0x000000000800277c                TIM1_BRK_TIM9_IRQHandler
                0x000000000800277c                DCMI_IRQHandler
                0x000000000800277c                CAN2_RX0_IRQHandler
                0x000000000800277c                DMA2_Stream3_IRQHandler
                0x000000000800277c                SAI2_IRQHandler
                0x000000000800277c                DFSDM1_FLT3_IRQHandler
                0x000000000800277c                USART6_IRQHandler
                0x000000000800277c                CAN3_RX0_IRQHandler
                0x000000000800277c                USART3_IRQHandler
                0x000000000800277c                CAN1_RX1_IRQHandler
                0x000000000800277c                UART5_IRQHandler
                0x000000000800277c                DMA2_Stream0_IRQHandler
                0x000000000800277c                TIM4_IRQHandler
                0x000000000800277c                QUADSPI_IRQHandler
                0x000000000800277c                I2C1_EV_IRQHandler
                0x000000000800277c                DMA1_Stream6_IRQHandler
                0x000000000800277c                DMA1_Stream1_IRQHandler
                0x000000000800277c                UART4_IRQHandler
                0x000000000800277c                TIM3_IRQHandler
                0x000000000800277c                RCC_IRQHandler
                0x000000000800277c                TIM8_BRK_TIM12_IRQHandler
                0x000000000800277c                Default_Handler
                0x000000000800277c                CEC_IRQHandler
                0x000000000800277c                EXTI15_10_IRQHandler
                0x000000000800277c                ADC_IRQHandler
                0x000000000800277c                DMA1_Stream7_IRQHandler
                0x000000000800277c                SPI5_IRQHandler
                0x000000000800277c                TIM7_IRQHandler
                0x000000000800277c                SDMMC1_IRQHandler
                0x000000000800277c                CAN2_TX_IRQHandler
                0x000000000800277c                TIM5_IRQHandler
                0x000000000800277c                DMA2_Stream7_IRQHandler
                0x000000000800277c                I2C3_EV_IRQHandler
                0x000000000800277c                EXTI9_5_IRQHandler
                0x000000000800277c                RTC_WKUP_IRQHandler
                0x000000000800277c                LTDC_IRQHandler
                0x000000000800277c                ETH_WKUP_IRQHandler
                0x000000000800277c                SPDIF_RX_IRQHandler
                0x000000000800277c                SPI2_IRQHandler
                0x000000000800277c                OTG_HS_EP1_IN_IRQHandler
                0x000000000800277c                DMA1_Stream0_IRQHandler
                0x000000000800277c                CAN1_TX_IRQHandler
                0x000000000800277c                EXTI4_IRQHandler
                0x000000000800277c                RNG_IRQHandler
                0x000000000800277c                ETH_IRQHandler
                0x000000000800277c                OTG_HS_EP1_OUT_IRQHandler
                0x000000000800277c                WWDG_IRQHandler
                0x000000000800277c                SPI6_IRQHandler
                0x000000000800277c                MDIOS_IRQHandler
                0x000000000800277c                I2C4_EV_IRQHandler
                0x000000000800277c                CAN3_TX_IRQHandler
                0x000000000800277c                TIM2_IRQHandler
                0x000000000800277c                OTG_FS_WKUP_IRQHandler
                0x000000000800277c                TIM1_TRG_COM_TIM11_IRQHandler
                0x000000000800277c                OTG_HS_IRQHandler
                0x000000000800277c                DMA2D_IRQHandler
                0x000000000800277c                EXTI1_IRQHandler
                0x000000000800277c                SDMMC2_IRQHandler
                0x000000000800277c                UART7_IRQHandler
                0x000000000800277c                USART2_IRQHandler
                0x000000000800277c                DFSDM1_FLT0_IRQHandler
                0x000000000800277c                I2C2_ER_IRQHandler
                0x000000000800277c                DMA2_Stream1_IRQHandler
                0x000000000800277c                CAN1_SCE_IRQHandler
                0x000000000800277c                FLASH_IRQHandler
                0x000000000800277c                DMA2_Stream4_IRQHandler
                0x000000000800277c                USART1_IRQHandler
                0x000000000800277c                OTG_FS_IRQHandler
                0x000000000800277c                SPI3_IRQHandler
                0x000000000800277c                DMA1_Stream4_IRQHandler
                0x000000000800277c                I2C1_ER_IRQHandler
                0x000000000800277c                FMC_IRQHandler
                0x000000000800277c                LPTIM1_IRQHandler
                0x000000000800277c                I2C4_ER_IRQHandler
                0x000000000800277c                DMA2_Stream6_IRQHandler
                0x000000000800277c                SAI1_IRQHandler
                0x000000000800277c                DMA1_Stream3_IRQHandler
 *fill*         0x000000000800277e        0x2 
 .text.lcd_write_byte
                0x0000000008002780       0x64 ./Core/XPT2046/LCD.o
                0x0000000008002780                lcd_write_byte
 .text.lcd_write_word
                0x00000000080027e4       0xb4 ./Core/XPT2046/LCD.o
                0x00000000080027e4                lcd_write_word
 .text.lcd_write_register
                0x0000000008002898       0x2c ./Core/XPT2046/LCD.o
                0x0000000008002898                lcd_write_register
 .text.lcd_set_cursor
                0x00000000080028c4       0x60 ./Core/XPT2046/LCD.o
                0x00000000080028c4                lcd_set_cursor
 .text.lcd_clear_screen
                0x0000000008002924       0xe8 ./Core/XPT2046/LCD.o
                0x0000000008002924                lcd_clear_screen
 .text.lcd_set_window
                0x0000000008002a0c       0x8a ./Core/XPT2046/LCD.o
                0x0000000008002a0c                lcd_set_window
 .text.lcd_draw_point
                0x0000000008002a96       0x46 ./Core/XPT2046/LCD.o
                0x0000000008002a96                lcd_draw_point
 .text.lcd_draw_line
                0x0000000008002adc       0xf4 ./Core/XPT2046/LCD.o
                0x0000000008002adc                lcd_draw_line
 .text.lcd_fill_rect
                0x0000000008002bd0       0x6c ./Core/XPT2046/LCD.o
                0x0000000008002bd0                lcd_fill_rect
 .text.ILI9341_Draw_Hollow_Rectangle_Coord
                0x0000000008002c3c      0x11a ./Core/XPT2046/LCD.o
                0x0000000008002c3c                ILI9341_Draw_Hollow_Rectangle_Coord
 *fill*         0x0000000008002d56        0x2 
 .text.ILI9341_Draw_Char
                0x0000000008002d58      0x12c ./Core/XPT2046/LCD.o
                0x0000000008002d58                ILI9341_Draw_Char
 .text.ILI9341_Draw_Text
                0x0000000008002e84       0x5c ./Core/XPT2046/LCD.o
                0x0000000008002e84                ILI9341_Draw_Text
 .text.lcd_draw_mono_image
                0x0000000008002ee0      0x12a ./Core/XPT2046/LCD.o
                0x0000000008002ee0                lcd_draw_mono_image
 *fill*         0x000000000800300a        0x2 
 .text.lcd_init
                0x000000000800300c      0x230 ./Core/XPT2046/LCD.o
                0x000000000800300c                lcd_init
 .text.HAL_Init
                0x000000000800323c       0x1a ./Drivers/STM32F7xx_HAL_Driver/Src/stm32f7xx_hal.o
                0x000000000800323c                HAL_Init
 *fill*         0x0000000008003256        0x2 
 .text.HAL_InitTick
                0x0000000008003258       0x60 ./Drivers/STM32F7xx_HAL_Driver/Src/stm32f7xx_hal.o
                0x0000000008003258                HAL_InitTick
 .text.HAL_IncTick
                0x00000000080032b8       0x28 ./Drivers/STM32F7xx_HAL_Driver/Src/stm32f7xx_hal.o
                0x00000000080032b8                HAL_IncTick
 .text.HAL_GetTick
                0x00000000080032e0       0x18 ./Drivers/STM32F7xx_HAL_Driver/Src/stm32f7xx_hal.o
                0x00000000080032e0                HAL_GetTick
 .text.HAL_Delay
                0x00000000080032f8       0x48 ./Drivers/STM32F7xx_HAL_Driver/Src/stm32f7xx_hal.o
                0x00000000080032f8                HAL_Delay
 .text.HAL_ADC_Init
                0x0000000008003340       0x88 ./Drivers/STM32F7xx_HAL_Driver/Src/stm32f7xx_hal_adc.o
                0x0000000008003340                HAL_ADC_Init
 .text.HAL_ADC_Start
                0x00000000080033c8      0x19c ./Drivers/STM32F7xx_HAL_Driver/Src/stm32f7xx_hal_adc.o
                0x00000000080033c8                HAL_ADC_Start
 .text.HAL_ADC_PollForConversion
                0x0000000008003564      0x116 ./Drivers/STM32F7xx_HAL_Driver/Src/stm32f7xx_hal_adc.o
                0x0000000008003564                HAL_ADC_PollForConversion
 .text.HAL_ADC_GetValue
                0x000000000800367a       0x1a ./Drivers/STM32F7xx_HAL_Driver/Src/stm32f7xx_hal_adc.o
                0x000000000800367a                HAL_ADC_GetValue
 .text.HAL_ADC_ConfigChannel
                0x0000000008003694      0x2ac ./Drivers/STM32F7xx_HAL_Driver/Src/stm32f7xx_hal_adc.o
                0x0000000008003694                HAL_ADC_ConfigChannel
 .text.ADC_Init
                0x0000000008003940      0x1f4 ./Drivers/STM32F7xx_HAL_Driver/Src/stm32f7xx_hal_adc.o
 .text.HAL_ADCEx_InjectedConfigChannel
                0x0000000008003b34      0x324 ./Drivers/STM32F7xx_HAL_Driver/Src/stm32f7xx_hal_adc_ex.o
                0x0000000008003b34                HAL_ADCEx_InjectedConfigChannel
 .text.__NVIC_SetPriorityGrouping
                0x0000000008003e58       0x48 ./Drivers/STM32F7xx_HAL_Driver/Src/stm32f7xx_hal_cortex.o
 .text.__NVIC_GetPriorityGrouping
                0x0000000008003ea0       0x1c ./Drivers/STM32F7xx_HAL_Driver/Src/stm32f7xx_hal_cortex.o
 .text.__NVIC_SetPriority
                0x0000000008003ebc       0x54 ./Drivers/STM32F7xx_HAL_Driver/Src/stm32f7xx_hal_cortex.o
 .text.NVIC_EncodePriority
                0x0000000008003f10       0x66 ./Drivers/STM32F7xx_HAL_Driver/Src/stm32f7xx_hal_cortex.o
 *fill*         0x0000000008003f76        0x2 
 .text.SysTick_Config
                0x0000000008003f78       0x44 ./Drivers/STM32F7xx_HAL_Driver/Src/stm32f7xx_hal_cortex.o
 .text.HAL_NVIC_SetPriorityGrouping
                0x0000000008003fbc       0x16 ./Drivers/STM32F7xx_HAL_Driver/Src/stm32f7xx_hal_cortex.o
                0x0000000008003fbc                HAL_NVIC_SetPriorityGrouping
 .text.HAL_NVIC_SetPriority
                0x0000000008003fd2       0x38 ./Drivers/STM32F7xx_HAL_Driver/Src/stm32f7xx_hal_cortex.o
                0x0000000008003fd2                HAL_NVIC_SetPriority
 .text.HAL_SYSTICK_Config
                0x000000000800400a       0x18 ./Drivers/STM32F7xx_HAL_Driver/Src/stm32f7xx_hal_cortex.o
                0x000000000800400a                HAL_SYSTICK_Config
 *fill*         0x0000000008004022        0x2 
 .text.HAL_GPIO_Init
                0x0000000008004024      0x358 ./Drivers/STM32F7xx_HAL_Driver/Src/stm32f7xx_hal_gpio.o
                0x0000000008004024                HAL_GPIO_Init
 .text.HAL_GPIO_WritePin
                0x000000000800437c       0x32 ./Drivers/STM32F7xx_HAL_Driver/Src/stm32f7xx_hal_gpio.o
                0x000000000800437c                HAL_GPIO_WritePin
 *fill*         0x00000000080043ae        0x2 
 .text.HAL_PWR_EnableBkUpAccess
                0x00000000080043b0       0x20 ./Drivers/STM32F7xx_HAL_Driver/Src/stm32f7xx_hal_pwr.o
                0x00000000080043b0                HAL_PWR_EnableBkUpAccess
 .text.HAL_PWREx_EnableOverDrive
                0x00000000080043d0       0xa0 ./Drivers/STM32F7xx_HAL_Driver/Src/stm32f7xx_hal_pwr_ex.o
                0x00000000080043d0                HAL_PWREx_EnableOverDrive
 .text.HAL_RCC_OscConfig
                0x0000000008004470      0x55c ./Drivers/STM32F7xx_HAL_Driver/Src/stm32f7xx_hal_rcc.o
                0x0000000008004470                HAL_RCC_OscConfig
 .text.HAL_RCC_ClockConfig
                0x00000000080049cc      0x1d8 ./Drivers/STM32F7xx_HAL_Driver/Src/stm32f7xx_hal_rcc.o
                0x00000000080049cc                HAL_RCC_ClockConfig
 .text.HAL_RCC_GetSysClockFreq
                0x0000000008004ba4      0x1c4 ./Drivers/STM32F7xx_HAL_Driver/Src/stm32f7xx_hal_rcc.o
                0x0000000008004ba4                HAL_RCC_GetSysClockFreq
 .text.HAL_RCC_GetHCLKFreq
                0x0000000008004d68       0x18 ./Drivers/STM32F7xx_HAL_Driver/Src/stm32f7xx_hal_rcc.o
                0x0000000008004d68                HAL_RCC_GetHCLKFreq
 .text.HAL_RCC_GetPCLK1Freq
                0x0000000008004d80       0x28 ./Drivers/STM32F7xx_HAL_Driver/Src/stm32f7xx_hal_rcc.o
                0x0000000008004d80                HAL_RCC_GetPCLK1Freq
 .text.HAL_RCC_GetPCLK2Freq
                0x0000000008004da8       0x28 ./Drivers/STM32F7xx_HAL_Driver/Src/stm32f7xx_hal_rcc.o
                0x0000000008004da8                HAL_RCC_GetPCLK2Freq
 .text.HAL_RCCEx_PeriphCLKConfig
                0x0000000008004dd0      0x850 ./Drivers/STM32F7xx_HAL_Driver/Src/stm32f7xx_hal_rcc_ex.o
                0x0000000008004dd0                HAL_RCCEx_PeriphCLKConfig
 .text.HAL_RNG_Init
                0x0000000008005620       0x54 ./Drivers/STM32F7xx_HAL_Driver/Src/stm32f7xx_hal_rng.o
                0x0000000008005620                HAL_RNG_Init
 .text.HAL_RNG_GenerateRandomNumber
                0x0000000008005674       0xac ./Drivers/STM32F7xx_HAL_Driver/Src/stm32f7xx_hal_rng.o
                0x0000000008005674                HAL_RNG_GenerateRandomNumber
 .text.HAL_RNG_GetRandomNumber
                0x0000000008005720       0x2a ./Drivers/STM32F7xx_HAL_Driver/Src/stm32f7xx_hal_rng.o
                0x0000000008005720                HAL_RNG_GetRandomNumber
 .text.HAL_SPI_Init
                0x000000000800574a      0x156 ./Drivers/STM32F7xx_HAL_Driver/Src/stm32f7xx_hal_spi.o
                0x000000000800574a                HAL_SPI_Init
 .text.HAL_SPI_Transmit
                0x00000000080058a0      0x2dc ./Drivers/STM32F7xx_HAL_Driver/Src/stm32f7xx_hal_spi.o
                0x00000000080058a0                HAL_SPI_Transmit
 .text.SPI_WaitFlagStateUntilTimeout
                0x0000000008005b7c      0x110 ./Drivers/STM32F7xx_HAL_Driver/Src/stm32f7xx_hal_spi.o
 .text.SPI_WaitFifoStateUntilTimeout
                0x0000000008005c8c      0x12c ./Drivers/STM32F7xx_HAL_Driver/Src/stm32f7xx_hal_spi.o
 .text.SPI_EndRxTxTransaction
                0x0000000008005db8       0xd4 ./Drivers/STM32F7xx_HAL_Driver/Src/stm32f7xx_hal_spi.o
 .text.HAL_UART_Init
                0x0000000008005e8c       0x9c ./Drivers/STM32F7xx_HAL_Driver/Src/stm32f7xx_hal_uart.o
                0x0000000008005e8c                HAL_UART_Init
 .text.HAL_UART_Transmit
                0x0000000008005f28      0x126 ./Drivers/STM32F7xx_HAL_Driver/Src/stm32f7xx_hal_uart.o
                0x0000000008005f28                HAL_UART_Transmit
 *fill*         0x000000000800604e        0x2 
 .text.UART_SetConfig
                0x0000000008006050      0x4c4 ./Drivers/STM32F7xx_HAL_Driver/Src/stm32f7xx_hal_uart.o
                0x0000000008006050                UART_SetConfig
 .text.UART_AdvFeatureConfig
                0x0000000008006514      0x144 ./Drivers/STM32F7xx_HAL_Driver/Src/stm32f7xx_hal_uart.o
                0x0000000008006514                UART_AdvFeatureConfig
 .text.UART_CheckIdleState
                0x0000000008006658       0x92 ./Drivers/STM32F7xx_HAL_Driver/Src/stm32f7xx_hal_uart.o
                0x0000000008006658                UART_CheckIdleState
 .text.UART_WaitOnFlagUntilTimeout
                0x00000000080066ea      0x188 ./Drivers/STM32F7xx_HAL_Driver/Src/stm32f7xx_hal_uart.o
                0x00000000080066ea                UART_WaitOnFlagUntilTimeout
 *fill*         0x0000000008006872        0x2 
 .text.__errno  0x0000000008006874        0xc d:/programs/st/stm32cubeide_1.8.0/stm32cubeide/plugins/com.st.stm32cube.ide.mcu.externaltools.gnu-tools-for-stm32.9-2020-q2-update.win32_2.0.0.202105311346/tools/bin/../lib/gcc/arm-none-eabi/9.3.1/../../../../arm-none-eabi/lib/thumb/v7e-m+dp/hard\libc_nano.a(lib_a-errno.o)
                0x0000000008006874                __errno
 .text.__libc_init_array
                0x0000000008006880       0x48 d:/programs/st/stm32cubeide_1.8.0/stm32cubeide/plugins/com.st.stm32cube.ide.mcu.externaltools.gnu-tools-for-stm32.9-2020-q2-update.win32_2.0.0.202105311346/tools/bin/../lib/gcc/arm-none-eabi/9.3.1/../../../../arm-none-eabi/lib/thumb/v7e-m+dp/hard\libc_nano.a(lib_a-init.o)
                0x0000000008006880                __libc_init_array
 .text.memset   0x00000000080068c8       0x10 d:/programs/st/stm32cubeide_1.8.0/stm32cubeide/plugins/com.st.stm32cube.ide.mcu.externaltools.gnu-tools-for-stm32.9-2020-q2-update.win32_2.0.0.202105311346/tools/bin/../lib/gcc/arm-none-eabi/9.3.1/../../../../arm-none-eabi/lib/thumb/v7e-m+dp/hard\libc_nano.a(lib_a-memset.o)
                0x00000000080068c8                memset
 .text.sprintf  0x00000000080068d8       0x40 d:/programs/st/stm32cubeide_1.8.0/stm32cubeide/plugins/com.st.stm32cube.ide.mcu.externaltools.gnu-tools-for-stm32.9-2020-q2-update.win32_2.0.0.202105311346/tools/bin/../lib/gcc/arm-none-eabi/9.3.1/../../../../arm-none-eabi/lib/thumb/v7e-m+dp/hard\libc_nano.a(lib_a-sprintf.o)
                0x00000000080068d8                siprintf
                0x00000000080068d8                sprintf
 .text.__ssputs_r
                0x0000000008006918       0xb6 d:/programs/st/stm32cubeide_1.8.0/stm32cubeide/plugins/com.st.stm32cube.ide.mcu.externaltools.gnu-tools-for-stm32.9-2020-q2-update.win32_2.0.0.202105311346/tools/bin/../lib/gcc/arm-none-eabi/9.3.1/../../../../arm-none-eabi/lib/thumb/v7e-m+dp/hard\libc_nano.a(lib_a-nano-svfprintf.o)
                0x0000000008006918                __ssputs_r
 *fill*         0x00000000080069ce        0x2 
 .text._svfprintf_r
                0x00000000080069d0      0x200 d:/programs/st/stm32cubeide_1.8.0/stm32cubeide/plugins/com.st.stm32cube.ide.mcu.externaltools.gnu-tools-for-stm32.9-2020-q2-update.win32_2.0.0.202105311346/tools/bin/../lib/gcc/arm-none-eabi/9.3.1/../../../../arm-none-eabi/lib/thumb/v7e-m+dp/hard\libc_nano.a(lib_a-nano-svfprintf.o)
                0x00000000080069d0                _svfiprintf_r
                0x00000000080069d0                _svfprintf_r
 .text._printf_common
                0x0000000008006bd0       0xda d:/programs/st/stm32cubeide_1.8.0/stm32cubeide/plugins/com.st.stm32cube.ide.mcu.externaltools.gnu-tools-for-stm32.9-2020-q2-update.win32_2.0.0.202105311346/tools/bin/../lib/gcc/arm-none-eabi/9.3.1/../../../../arm-none-eabi/lib/thumb/v7e-m+dp/hard\libc_nano.a(lib_a-nano-vfprintf_i.o)
                0x0000000008006bd0                _printf_common
 *fill*         0x0000000008006caa        0x2 
 .text._printf_i
                0x0000000008006cac      0x24c d:/programs/st/stm32cubeide_1.8.0/stm32cubeide/plugins/com.st.stm32cube.ide.mcu.externaltools.gnu-tools-for-stm32.9-2020-q2-update.win32_2.0.0.202105311346/tools/bin/../lib/gcc/arm-none-eabi/9.3.1/../../../../arm-none-eabi/lib/thumb/v7e-m+dp/hard\libc_nano.a(lib_a-nano-vfprintf_i.o)
                0x0000000008006cac                _printf_i
 .text.memcpy   0x0000000008006ef8       0x1c d:/programs/st/stm32cubeide_1.8.0/stm32cubeide/plugins/com.st.stm32cube.ide.mcu.externaltools.gnu-tools-for-stm32.9-2020-q2-update.win32_2.0.0.202105311346/tools/bin/../lib/gcc/arm-none-eabi/9.3.1/../../../../arm-none-eabi/lib/thumb/v7e-m+dp/hard\libc_nano.a(lib_a-memcpy-stub.o)
                0x0000000008006ef8                memcpy
 .text.memmove  0x0000000008006f14       0x34 d:/programs/st/stm32cubeide_1.8.0/stm32cubeide/plugins/com.st.stm32cube.ide.mcu.externaltools.gnu-tools-for-stm32.9-2020-q2-update.win32_2.0.0.202105311346/tools/bin/../lib/gcc/arm-none-eabi/9.3.1/../../../../arm-none-eabi/lib/thumb/v7e-m+dp/hard\libc_nano.a(lib_a-memmove.o)
                0x0000000008006f14                memmove
 .text._free_r  0x0000000008006f48       0xa0 d:/programs/st/stm32cubeide_1.8.0/stm32cubeide/plugins/com.st.stm32cube.ide.mcu.externaltools.gnu-tools-for-stm32.9-2020-q2-update.win32_2.0.0.202105311346/tools/bin/../lib/gcc/arm-none-eabi/9.3.1/../../../../arm-none-eabi/lib/thumb/v7e-m+dp/hard\libc_nano.a(lib_a-nano-freer.o)
                0x0000000008006f48                _free_r
 .text._malloc_r
                0x0000000008006fe8       0xb4 d:/programs/st/stm32cubeide_1.8.0/stm32cubeide/plugins/com.st.stm32cube.ide.mcu.externaltools.gnu-tools-for-stm32.9-2020-q2-update.win32_2.0.0.202105311346/tools/bin/../lib/gcc/arm-none-eabi/9.3.1/../../../../arm-none-eabi/lib/thumb/v7e-m+dp/hard\libc_nano.a(lib_a-nano-mallocr.o)
                0x0000000008006fe8                _malloc_r
 .text._realloc_r
                0x000000000800709c       0x4c d:/programs/st/stm32cubeide_1.8.0/stm32cubeide/plugins/com.st.stm32cube.ide.mcu.externaltools.gnu-tools-for-stm32.9-2020-q2-update.win32_2.0.0.202105311346/tools/bin/../lib/gcc/arm-none-eabi/9.3.1/../../../../arm-none-eabi/lib/thumb/v7e-m+dp/hard\libc_nano.a(lib_a-nano-reallocr.o)
                0x000000000800709c                _realloc_r
 .text._sbrk_r  0x00000000080070e8       0x20 d:/programs/st/stm32cubeide_1.8.0/stm32cubeide/plugins/com.st.stm32cube.ide.mcu.externaltools.gnu-tools-for-stm32.9-2020-q2-update.win32_2.0.0.202105311346/tools/bin/../lib/gcc/arm-none-eabi/9.3.1/../../../../arm-none-eabi/lib/thumb/v7e-m+dp/hard\libc_nano.a(lib_a-sbrkr.o)
                0x00000000080070e8                _sbrk_r
 .text.__malloc_lock
                0x0000000008007108        0xc d:/programs/st/stm32cubeide_1.8.0/stm32cubeide/plugins/com.st.stm32cube.ide.mcu.externaltools.gnu-tools-for-stm32.9-2020-q2-update.win32_2.0.0.202105311346/tools/bin/../lib/gcc/arm-none-eabi/9.3.1/../../../../arm-none-eabi/lib/thumb/v7e-m+dp/hard\libc_nano.a(lib_a-mlock.o)
                0x0000000008007108                __malloc_lock
 .text.__malloc_unlock
                0x0000000008007114        0xc d:/programs/st/stm32cubeide_1.8.0/stm32cubeide/plugins/com.st.stm32cube.ide.mcu.externaltools.gnu-tools-for-stm32.9-2020-q2-update.win32_2.0.0.202105311346/tools/bin/../lib/gcc/arm-none-eabi/9.3.1/../../../../arm-none-eabi/lib/thumb/v7e-m+dp/hard\libc_nano.a(lib_a-mlock.o)
                0x0000000008007114                __malloc_unlock
 .text._malloc_usable_size_r
                0x0000000008007120       0x10 d:/programs/st/stm32cubeide_1.8.0/stm32cubeide/plugins/com.st.stm32cube.ide.mcu.externaltools.gnu-tools-for-stm32.9-2020-q2-update.win32_2.0.0.202105311346/tools/bin/../lib/gcc/arm-none-eabi/9.3.1/../../../../arm-none-eabi/lib/thumb/v7e-m+dp/hard\libc_nano.a(lib_a-nano-msizer.o)
                0x0000000008007120                _malloc_usable_size_r
 .text.__retarget_lock_acquire_recursive
                0x0000000008007130        0x2 d:/programs/st/stm32cubeide_1.8.0/stm32cubeide/plugins/com.st.stm32cube.ide.mcu.externaltools.gnu-tools-for-stm32.9-2020-q2-update.win32_2.0.0.202105311346/tools/bin/../lib/gcc/arm-none-eabi/9.3.1/../../../../arm-none-eabi/lib/thumb/v7e-m+dp/hard\libc_nano.a(lib_a-lock.o)
                0x0000000008007130                __retarget_lock_acquire_recursive
 .text.__retarget_lock_release_recursive
                0x0000000008007132        0x2 d:/programs/st/stm32cubeide_1.8.0/stm32cubeide/plugins/com.st.stm32cube.ide.mcu.externaltools.gnu-tools-for-stm32.9-2020-q2-update.win32_2.0.0.202105311346/tools/bin/../lib/gcc/arm-none-eabi/9.3.1/../../../../arm-none-eabi/lib/thumb/v7e-m+dp/hard\libc_nano.a(lib_a-lock.o)
                0x0000000008007132                __retarget_lock_release_recursive
 *(.glue_7)
 .glue_7        0x0000000008007134        0x0 linker stubs
 *(.glue_7t)
 .glue_7t       0x0000000008007134        0x0 linker stubs
 *(.eh_frame)
 .eh_frame      0x0000000008007134        0x0 d:/programs/st/stm32cubeide_1.8.0/stm32cubeide/plugins/com.st.stm32cube.ide.mcu.externaltools.gnu-tools-for-stm32.9-2020-q2-update.win32_2.0.0.202105311346/tools/bin/../lib/gcc/arm-none-eabi/9.3.1/thumb/v7e-m+dp/hard/crtbegin.o
 *(.init)
 .init          0x0000000008007134        0x4 d:/programs/st/stm32cubeide_1.8.0/stm32cubeide/plugins/com.st.stm32cube.ide.mcu.externaltools.gnu-tools-for-stm32.9-2020-q2-update.win32_2.0.0.202105311346/tools/bin/../lib/gcc/arm-none-eabi/9.3.1/thumb/v7e-m+dp/hard/crti.o
                0x0000000008007134                _init
 .init          0x0000000008007138        0x8 d:/programs/st/stm32cubeide_1.8.0/stm32cubeide/plugins/com.st.stm32cube.ide.mcu.externaltools.gnu-tools-for-stm32.9-2020-q2-update.win32_2.0.0.202105311346/tools/bin/../lib/gcc/arm-none-eabi/9.3.1/thumb/v7e-m+dp/hard/crtn.o
 *(.fini)
 .fini          0x0000000008007140        0x4 d:/programs/st/stm32cubeide_1.8.0/stm32cubeide/plugins/com.st.stm32cube.ide.mcu.externaltools.gnu-tools-for-stm32.9-2020-q2-update.win32_2.0.0.202105311346/tools/bin/../lib/gcc/arm-none-eabi/9.3.1/thumb/v7e-m+dp/hard/crti.o
                0x0000000008007140                _fini
 .fini          0x0000000008007144        0x8 d:/programs/st/stm32cubeide_1.8.0/stm32cubeide/plugins/com.st.stm32cube.ide.mcu.externaltools.gnu-tools-for-stm32.9-2020-q2-update.win32_2.0.0.202105311346/tools/bin/../lib/gcc/arm-none-eabi/9.3.1/thumb/v7e-m+dp/hard/crtn.o
                0x000000000800714c                . = ALIGN (0x4)
                0x000000000800714c                _etext = .

.vfp11_veneer   0x000000000800714c        0x0
 .vfp11_veneer  0x000000000800714c        0x0 linker stubs

.v4_bx          0x000000000800714c        0x0
 .v4_bx         0x000000000800714c        0x0 linker stubs

.iplt           0x000000000800714c        0x0
 .iplt          0x000000000800714c        0x0 d:/programs/st/stm32cubeide_1.8.0/stm32cubeide/plugins/com.st.stm32cube.ide.mcu.externaltools.gnu-tools-for-stm32.9-2020-q2-update.win32_2.0.0.202105311346/tools/bin/../lib/gcc/arm-none-eabi/9.3.1/thumb/v7e-m+dp/hard/crtbegin.o

.rodata         0x000000000800714c      0x740
                0x000000000800714c                . = ALIGN (0x4)
 *(.rodata)
 .rodata        0x000000000800714c       0x5c ./Core/Src/main.o
 *(.rodata*)
 .rodata.Image_snake_logo
                0x00000000080071a8      0x300 ./Core/Src/main.o
                0x00000000080071a8                Image_snake_logo
 .rodata.Image_big_turtle
                0x00000000080074a8       0x40 ./Core/Src/main.o
                0x00000000080074a8                Image_big_turtle
 .rodata.Image_head_U
                0x00000000080074e8        0x8 ./Core/Src/main.o
                0x00000000080074e8                Image_head_U
 .rodata.Image_head_L
                0x00000000080074f0        0x8 ./Core/Src/main.o
                0x00000000080074f0                Image_head_L
 .rodata.Image_head_R
                0x00000000080074f8        0x8 ./Core/Src/main.o
                0x00000000080074f8                Image_head_R
 .rodata.Image_head_D
                0x0000000008007500        0x8 ./Core/Src/main.o
                0x0000000008007500                Image_head_D
 .rodata.Image_body_U_D
                0x0000000008007508        0x8 ./Core/Src/main.o
                0x0000000008007508                Image_body_U_D
 .rodata.Image_body_L_R
                0x0000000008007510        0x8 ./Core/Src/main.o
                0x0000000008007510                Image_body_L_R
 .rodata.Image_body_food_L_R
                0x0000000008007518        0x8 ./Core/Src/main.o
                0x0000000008007518                Image_body_food_L_R
 .rodata.Image_body_food_U_D
                0x0000000008007520        0x8 ./Core/Src/main.o
                0x0000000008007520                Image_body_food_U_D
 .rodata.Image_body_DtoR
                0x0000000008007528        0x8 ./Core/Src/main.o
                0x0000000008007528                Image_body_DtoR
 .rodata.Image_body_DtoL
                0x0000000008007530        0x8 ./Core/Src/main.o
                0x0000000008007530                Image_body_DtoL
 .rodata.Image_body_UtoL
                0x0000000008007538        0x8 ./Core/Src/main.o
                0x0000000008007538                Image_body_UtoL
 .rodata.Image_body_UtoR
                0x0000000008007540        0x8 ./Core/Src/main.o
                0x0000000008007540                Image_body_UtoR
 .rodata.Image_tail_U
                0x0000000008007548        0x8 ./Core/Src/main.o
                0x0000000008007548                Image_tail_U
 .rodata.Image_tail_L
                0x0000000008007550        0x8 ./Core/Src/main.o
                0x0000000008007550                Image_tail_L
 .rodata.Image_tail_R
                0x0000000008007558        0x8 ./Core/Src/main.o
                0x0000000008007558                Image_tail_R
 .rodata.Image_tail_D
                0x0000000008007560        0x8 ./Core/Src/main.o
                0x0000000008007560                Image_tail_D
 .rodata.Image_food
                0x0000000008007568        0x8 ./Core/Src/main.o
                0x0000000008007568                Image_food
 .rodata.Image_turtle
                0x0000000008007570       0x20 ./Core/Src/main.o
                0x0000000008007570                Image_turtle
 .rodata.Image_Block
                0x0000000008007590       0x20 ./Core/Src/main.o
                0x0000000008007590                Image_Block
 .rodata.classic
                0x00000000080075b0        0x8 ./Core/Src/main.o
                0x00000000080075b0                classic
 .rodata.lcd_green
                0x00000000080075b8        0xa ./Core/Src/main.o
                0x00000000080075b8                lcd_green
 *fill*         0x00000000080075c2        0x2 
 .rodata.lcd_blue
                0x00000000080075c4        0x9 ./Core/Src/main.o
                0x00000000080075c4                lcd_blue
 *fill*         0x00000000080075cd        0x3 
 .rodata.lcd_red
                0x00000000080075d0        0x8 ./Core/Src/main.o
                0x00000000080075d0                lcd_red
 .rodata.oled_b
                0x00000000080075d8        0x7 ./Core/Src/main.o
                0x00000000080075d8                oled_b
 *fill*         0x00000000080075df        0x1 
 .rodata.oled_y
                0x00000000080075e0        0x7 ./Core/Src/main.o
                0x00000000080075e0                oled_y
 *fill*         0x00000000080075e7        0x1 
 .rodata.oled_w
                0x00000000080075e8        0x7 ./Core/Src/main.o
                0x00000000080075e8                oled_w
 *fill*         0x00000000080075ef        0x1 
 .rodata.fallout
                0x00000000080075f0        0x8 ./Core/Src/main.o
                0x00000000080075f0                fallout
 .rodata.yellow
                0x00000000080075f8        0x7 ./Core/Src/main.o
                0x00000000080075f8                yellow
 *fill*         0x00000000080075ff        0x1 
 .rodata.AHBPrescTable
                0x0000000008007600       0x10 ./Core/Src/system_stm32f7xx.o
                0x0000000008007600                AHBPrescTable
 .rodata.APBPrescTable
                0x0000000008007610        0x8 ./Core/Src/system_stm32f7xx.o
                0x0000000008007610                APBPrescTable
 .rodata.font   0x0000000008007618      0x240 ./Core/XPT2046/LCD.o
 .rodata._svfprintf_r.str1.1
                0x0000000008007858       0x11 d:/programs/st/stm32cubeide_1.8.0/stm32cubeide/plugins/com.st.stm32cube.ide.mcu.externaltools.gnu-tools-for-stm32.9-2020-q2-update.win32_2.0.0.202105311346/tools/bin/../lib/gcc/arm-none-eabi/9.3.1/../../../../arm-none-eabi/lib/thumb/v7e-m+dp/hard\libc_nano.a(lib_a-nano-svfprintf.o)
 .rodata._printf_i.str1.1
                0x0000000008007869       0x22 d:/programs/st/stm32cubeide_1.8.0/stm32cubeide/plugins/com.st.stm32cube.ide.mcu.externaltools.gnu-tools-for-stm32.9-2020-q2-update.win32_2.0.0.202105311346/tools/bin/../lib/gcc/arm-none-eabi/9.3.1/../../../../arm-none-eabi/lib/thumb/v7e-m+dp/hard\libc_nano.a(lib_a-nano-vfprintf_i.o)
                0x000000000800788c                . = ALIGN (0x4)
 *fill*         0x000000000800788b        0x1 

.ARM.extab      0x000000000800788c        0x0
                0x000000000800788c                . = ALIGN (0x4)
 *(.ARM.extab* .gnu.linkonce.armextab.*)
                0x000000000800788c                . = ALIGN (0x4)

.ARM            0x000000000800788c        0x8
                0x000000000800788c                . = ALIGN (0x4)
                0x000000000800788c                __exidx_start = .
 *(.ARM.exidx*)
 .ARM.exidx     0x000000000800788c        0x8 d:/programs/st/stm32cubeide_1.8.0/stm32cubeide/plugins/com.st.stm32cube.ide.mcu.externaltools.gnu-tools-for-stm32.9-2020-q2-update.win32_2.0.0.202105311346/tools/bin/../lib/gcc/arm-none-eabi/9.3.1/thumb/v7e-m+dp/hard\libgcc.a(_udivmoddi4.o)
                0x0000000008007894                __exidx_end = .
                0x0000000008007894                . = ALIGN (0x4)

.rel.dyn        0x0000000008007894        0x0
 .rel.iplt      0x0000000008007894        0x0 d:/programs/st/stm32cubeide_1.8.0/stm32cubeide/plugins/com.st.stm32cube.ide.mcu.externaltools.gnu-tools-for-stm32.9-2020-q2-update.win32_2.0.0.202105311346/tools/bin/../lib/gcc/arm-none-eabi/9.3.1/thumb/v7e-m+dp/hard/crtbegin.o

.preinit_array  0x0000000008007894        0x0
                0x0000000008007894                . = ALIGN (0x4)
                0x0000000008007894                PROVIDE (__preinit_array_start = .)
 *(.preinit_array*)
                0x0000000008007894                PROVIDE (__preinit_array_end = .)
                0x0000000008007894                . = ALIGN (0x4)

.init_array     0x0000000008007894        0x4
                0x0000000008007894                . = ALIGN (0x4)
                0x0000000008007894                PROVIDE (__init_array_start = .)
 *(SORT_BY_NAME(.init_array.*))
 *(.init_array*)
 .init_array    0x0000000008007894        0x4 d:/programs/st/stm32cubeide_1.8.0/stm32cubeide/plugins/com.st.stm32cube.ide.mcu.externaltools.gnu-tools-for-stm32.9-2020-q2-update.win32_2.0.0.202105311346/tools/bin/../lib/gcc/arm-none-eabi/9.3.1/thumb/v7e-m+dp/hard/crtbegin.o
                0x0000000008007898                PROVIDE (__init_array_end = .)
                0x0000000008007898                . = ALIGN (0x4)

.fini_array     0x0000000008007898        0x4
                0x0000000008007898                . = ALIGN (0x4)
                [!provide]                        PROVIDE (__fini_array_start = .)
 *(SORT_BY_NAME(.fini_array.*))
 *(.fini_array*)
 .fini_array    0x0000000008007898        0x4 d:/programs/st/stm32cubeide_1.8.0/stm32cubeide/plugins/com.st.stm32cube.ide.mcu.externaltools.gnu-tools-for-stm32.9-2020-q2-update.win32_2.0.0.202105311346/tools/bin/../lib/gcc/arm-none-eabi/9.3.1/thumb/v7e-m+dp/hard/crtbegin.o
                [!provide]                        PROVIDE (__fini_array_end = .)
                0x000000000800789c                . = ALIGN (0x4)
                0x000000000800789c                _sidata = LOADADDR (.data)

.data           0x0000000020000000       0x7c load address 0x000000000800789c
                0x0000000020000000                . = ALIGN (0x4)
                0x0000000020000000                _sdata = .
 *(.data)
 *(.data*)
 .data.move_dir
                0x0000000020000000        0x1 ./Core/Src/main.o
                0x0000000020000000                move_dir
 .data.move_dir_old
                0x0000000020000001        0x1 ./Core/Src/main.o
                0x0000000020000001                move_dir_old
 .data.snake_lenght
                0x0000000020000002        0x1 ./Core/Src/main.o
                0x0000000020000002                snake_lenght
 *fill*         0x0000000020000003        0x1 
 .data.speed    0x0000000020000004        0x2 ./Core/Src/main.o
                0x0000000020000004                speed
 .data.color_pack
                0x0000000020000006        0x1 ./Core/Src/main.o
                0x0000000020000006                color_pack
 *fill*         0x0000000020000007        0x1 
 .data.main_color
                0x0000000020000008        0x2 ./Core/Src/main.o
                0x0000000020000008                main_color
 *fill*         0x000000002000000a        0x2 
 .data.SystemCoreClock
                0x000000002000000c        0x4 ./Core/Src/system_stm32f7xx.o
                0x000000002000000c                SystemCoreClock
 .data.uwTickPrio
                0x0000000020000010        0x4 ./Drivers/STM32F7xx_HAL_Driver/Src/stm32f7xx_hal.o
                0x0000000020000010                uwTickPrio
 .data.uwTickFreq
                0x0000000020000014        0x1 ./Drivers/STM32F7xx_HAL_Driver/Src/stm32f7xx_hal.o
                0x0000000020000014                uwTickFreq
 *fill*         0x0000000020000015        0x3 
 .data._impure_ptr
                0x0000000020000018        0x4 d:/programs/st/stm32cubeide_1.8.0/stm32cubeide/plugins/com.st.stm32cube.ide.mcu.externaltools.gnu-tools-for-stm32.9-2020-q2-update.win32_2.0.0.202105311346/tools/bin/../lib/gcc/arm-none-eabi/9.3.1/../../../../arm-none-eabi/lib/thumb/v7e-m+dp/hard\libc_nano.a(lib_a-impure.o)
                0x0000000020000018                _impure_ptr
 .data.impure_data
                0x000000002000001c       0x60 d:/programs/st/stm32cubeide_1.8.0/stm32cubeide/plugins/com.st.stm32cube.ide.mcu.externaltools.gnu-tools-for-stm32.9-2020-q2-update.win32_2.0.0.202105311346/tools/bin/../lib/gcc/arm-none-eabi/9.3.1/../../../../arm-none-eabi/lib/thumb/v7e-m+dp/hard\libc_nano.a(lib_a-impure.o)
 *(.RamFunc)
 *(.RamFunc*)
                0x000000002000007c                . = ALIGN (0x4)
                0x000000002000007c                _edata = .

.igot.plt       0x000000002000007c        0x0 load address 0x0000000008007918
 .igot.plt      0x000000002000007c        0x0 d:/programs/st/stm32cubeide_1.8.0/stm32cubeide/plugins/com.st.stm32cube.ide.mcu.externaltools.gnu-tools-for-stm32.9-2020-q2-update.win32_2.0.0.202105311346/tools/bin/../lib/gcc/arm-none-eabi/9.3.1/thumb/v7e-m+dp/hard/crtbegin.o
                0x000000002000007c                . = ALIGN (0x4)

.bss            0x000000002000007c      0x4e4 load address 0x0000000008007918
                0x000000002000007c                _sbss = .
                0x000000002000007c                __bss_start__ = _sbss
 *(.bss)
 .bss           0x000000002000007c       0x1c d:/programs/st/stm32cubeide_1.8.0/stm32cubeide/plugins/com.st.stm32cube.ide.mcu.externaltools.gnu-tools-for-stm32.9-2020-q2-update.win32_2.0.0.202105311346/tools/bin/../lib/gcc/arm-none-eabi/9.3.1/thumb/v7e-m+dp/hard/crtbegin.o
 *(.bss*)
 .bss.turtle_exist
                0x0000000020000098        0x1 ./Core/Src/main.o
                0x0000000020000098                turtle_exist
 .bss.eating    0x0000000020000099        0x1 ./Core/Src/main.o
                0x0000000020000099                eating
 .bss.go_game   0x000000002000009a        0x1 ./Core/Src/main.o
                0x000000002000009a                go_game
 *fill*         0x000000002000009b        0x1 
 .bss.score     0x000000002000009c        0x2 ./Core/Src/main.o
                0x000000002000009c                score
 .bss.turtles   0x000000002000009e        0x1 ./Core/Src/main.o
                0x000000002000009e                turtles
 *fill*         0x000000002000009f        0x1 
 .bss.font_color
                0x00000000200000a0        0x2 ./Core/Src/main.o
                0x00000000200000a0                font_color
 *fill*         0x00000000200000a2        0x2 
 .bss.sys_t0    0x00000000200000a4        0x4 ./Core/Src/main.o
                0x00000000200000a4                sys_t0
 .bss.sys_t1    0x00000000200000a8        0x4 ./Core/Src/main.o
                0x00000000200000a8                sys_t1
 .bss.sys_t2    0x00000000200000ac        0x4 ./Core/Src/main.o
                0x00000000200000ac                sys_t2
 .bss.__sbrk_heap_end
                0x00000000200000b0        0x4 ./Core/Src/sysmem.o
 .bss.__malloc_free_list
                0x00000000200000b4        0x4 d:/programs/st/stm32cubeide_1.8.0/stm32cubeide/plugins/com.st.stm32cube.ide.mcu.externaltools.gnu-tools-for-stm32.9-2020-q2-update.win32_2.0.0.202105311346/tools/bin/../lib/gcc/arm-none-eabi/9.3.1/../../../../arm-none-eabi/lib/thumb/v7e-m+dp/hard\libc_nano.a(lib_a-nano-mallocr.o)
                0x00000000200000b4                __malloc_free_list
 .bss.__malloc_sbrk_start
                0x00000000200000b8        0x4 d:/programs/st/stm32cubeide_1.8.0/stm32cubeide/plugins/com.st.stm32cube.ide.mcu.externaltools.gnu-tools-for-stm32.9-2020-q2-update.win32_2.0.0.202105311346/tools/bin/../lib/gcc/arm-none-eabi/9.3.1/../../../../arm-none-eabi/lib/thumb/v7e-m+dp/hard\libc_nano.a(lib_a-nano-mallocr.o)
                0x00000000200000b8                __malloc_sbrk_start
 *(COMMON)
 COMMON         0x00000000200000bc      0x48d ./Core/Src/main.o
                0x00000000200000bc                snake
                0x0000000020000314                huart3
                0x0000000020000398                hadc3
                0x00000000200003e0                hrng
                0x00000000200003f0                hspi1
                0x0000000020000454                field
                0x0000000020000524                str
                0x0000000020000544                btn
 *fill*         0x0000000020000549        0x3 
 COMMON         0x000000002000054c        0x4 ./Drivers/STM32F7xx_HAL_Driver/Src/stm32f7xx_hal.o
                0x000000002000054c                uwTick
 COMMON         0x0000000020000550        0x4 d:/programs/st/stm32cubeide_1.8.0/stm32cubeide/plugins/com.st.stm32cube.ide.mcu.externaltools.gnu-tools-for-stm32.9-2020-q2-update.win32_2.0.0.202105311346/tools/bin/../lib/gcc/arm-none-eabi/9.3.1/../../../../arm-none-eabi/lib/thumb/v7e-m+dp/hard\libc_nano.a(lib_a-reent.o)
                0x0000000020000550                errno
 COMMON         0x0000000020000554        0x9 d:/programs/st/stm32cubeide_1.8.0/stm32cubeide/plugins/com.st.stm32cube.ide.mcu.externaltools.gnu-tools-for-stm32.9-2020-q2-update.win32_2.0.0.202105311346/tools/bin/../lib/gcc/arm-none-eabi/9.3.1/../../../../arm-none-eabi/lib/thumb/v7e-m+dp/hard\libc_nano.a(lib_a-lock.o)
                0x0000000020000554                __lock___atexit_recursive_mutex
                0x0000000020000555                __lock___arc4random_mutex
                0x0000000020000556                __lock___env_recursive_mutex
                0x0000000020000557                __lock___sinit_recursive_mutex
                0x0000000020000558                __lock___malloc_recursive_mutex
                0x0000000020000559                __lock___at_quick_exit_mutex
                0x000000002000055a                __lock___dd_hash_mutex
                0x000000002000055b                __lock___tz_mutex
                0x000000002000055c                __lock___sfp_recursive_mutex
                0x0000000020000560                . = ALIGN (0x4)
 *fill*         0x000000002000055d        0x3 
                0x0000000020000560                _ebss = .
                0x0000000020000560                __bss_end__ = _ebss

._user_heap_stack
                0x0000000020000560      0x600 load address 0x0000000008007918
                0x0000000020000560                . = ALIGN (0x8)
                [!provide]                        PROVIDE (end = .)
                0x0000000020000560                PROVIDE (_end = .)
                0x0000000020000760                . = (. + _Min_Heap_Size)
 *fill*         0x0000000020000560      0x200 
                0x0000000020000b60                . = (. + _Min_Stack_Size)
 *fill*         0x0000000020000760      0x400 
                0x0000000020000b60                . = ALIGN (0x8)

/DISCARD/
 libc.a(*)
 libm.a(*)
 libgcc.a(*)

.ARM.attributes
                0x0000000000000000       0x2e
 *(.ARM.attributes)
 .ARM.attributes
                0x0000000000000000       0x1e d:/programs/st/stm32cubeide_1.8.0/stm32cubeide/plugins/com.st.stm32cube.ide.mcu.externaltools.gnu-tools-for-stm32.9-2020-q2-update.win32_2.0.0.202105311346/tools/bin/../lib/gcc/arm-none-eabi/9.3.1/thumb/v7e-m+dp/hard/crti.o
 .ARM.attributes
                0x000000000000001e       0x32 d:/programs/st/stm32cubeide_1.8.0/stm32cubeide/plugins/com.st.stm32cube.ide.mcu.externaltools.gnu-tools-for-stm32.9-2020-q2-update.win32_2.0.0.202105311346/tools/bin/../lib/gcc/arm-none-eabi/9.3.1/thumb/v7e-m+dp/hard/crtbegin.o
 .ARM.attributes
                0x0000000000000050       0x32 ./Core/Src/main.o
 .ARM.attributes
                0x0000000000000082       0x32 ./Core/Src/stm32f7xx_hal_msp.o
 .ARM.attributes
                0x00000000000000b4       0x32 ./Core/Src/stm32f7xx_it.o
 .ARM.attributes
                0x00000000000000e6       0x32 ./Core/Src/sysmem.o
 .ARM.attributes
                0x0000000000000118       0x32 ./Core/Src/system_stm32f7xx.o
 .ARM.attributes
                0x000000000000014a       0x21 ./Core/Startup/startup_stm32f767zitx.o
 .ARM.attributes
                0x000000000000016b       0x32 ./Core/XPT2046/LCD.o
 .ARM.attributes
                0x000000000000019d       0x32 ./Drivers/STM32F7xx_HAL_Driver/Src/stm32f7xx_hal.o
 .ARM.attributes
                0x00000000000001cf       0x32 ./Drivers/STM32F7xx_HAL_Driver/Src/stm32f7xx_hal_adc.o
 .ARM.attributes
                0x0000000000000201       0x32 ./Drivers/STM32F7xx_HAL_Driver/Src/stm32f7xx_hal_adc_ex.o
 .ARM.attributes
                0x0000000000000233       0x32 ./Drivers/STM32F7xx_HAL_Driver/Src/stm32f7xx_hal_cortex.o
 .ARM.attributes
                0x0000000000000265       0x32 ./Drivers/STM32F7xx_HAL_Driver/Src/stm32f7xx_hal_gpio.o
 .ARM.attributes
                0x0000000000000297       0x32 ./Drivers/STM32F7xx_HAL_Driver/Src/stm32f7xx_hal_pwr.o
 .ARM.attributes
                0x00000000000002c9       0x32 ./Drivers/STM32F7xx_HAL_Driver/Src/stm32f7xx_hal_pwr_ex.o
 .ARM.attributes
                0x00000000000002fb       0x32 ./Drivers/STM32F7xx_HAL_Driver/Src/stm32f7xx_hal_rcc.o
 .ARM.attributes
                0x000000000000032d       0x32 ./Drivers/STM32F7xx_HAL_Driver/Src/stm32f7xx_hal_rcc_ex.o
 .ARM.attributes
                0x000000000000035f       0x32 ./Drivers/STM32F7xx_HAL_Driver/Src/stm32f7xx_hal_rng.o
 .ARM.attributes
                0x0000000000000391       0x32 ./Drivers/STM32F7xx_HAL_Driver/Src/stm32f7xx_hal_spi.o
 .ARM.attributes
                0x00000000000003c3       0x32 ./Drivers/STM32F7xx_HAL_Driver/Src/stm32f7xx_hal_uart.o
 .ARM.attributes
                0x00000000000003f5       0x32 d:/programs/st/stm32cubeide_1.8.0/stm32cubeide/plugins/com.st.stm32cube.ide.mcu.externaltools.gnu-tools-for-stm32.9-2020-q2-update.win32_2.0.0.202105311346/tools/bin/../lib/gcc/arm-none-eabi/9.3.1/../../../../arm-none-eabi/lib/thumb/v7e-m+dp/hard\libc_nano.a(lib_a-errno.o)
 .ARM.attributes
                0x0000000000000427       0x30 d:/programs/st/stm32cubeide_1.8.0/stm32cubeide/plugins/com.st.stm32cube.ide.mcu.externaltools.gnu-tools-for-stm32.9-2020-q2-update.win32_2.0.0.202105311346/tools/bin/../lib/gcc/arm-none-eabi/9.3.1/../../../../arm-none-eabi/lib/thumb/v7e-m+dp/hard\libc_nano.a(lib_a-impure.o)
 .ARM.attributes
                0x0000000000000457       0x32 d:/programs/st/stm32cubeide_1.8.0/stm32cubeide/plugins/com.st.stm32cube.ide.mcu.externaltools.gnu-tools-for-stm32.9-2020-q2-update.win32_2.0.0.202105311346/tools/bin/../lib/gcc/arm-none-eabi/9.3.1/../../../../arm-none-eabi/lib/thumb/v7e-m+dp/hard\libc_nano.a(lib_a-init.o)
 .ARM.attributes
                0x0000000000000489       0x32 d:/programs/st/stm32cubeide_1.8.0/stm32cubeide/plugins/com.st.stm32cube.ide.mcu.externaltools.gnu-tools-for-stm32.9-2020-q2-update.win32_2.0.0.202105311346/tools/bin/../lib/gcc/arm-none-eabi/9.3.1/../../../../arm-none-eabi/lib/thumb/v7e-m+dp/hard\libc_nano.a(lib_a-memset.o)
 .ARM.attributes
                0x00000000000004bb       0x32 d:/programs/st/stm32cubeide_1.8.0/stm32cubeide/plugins/com.st.stm32cube.ide.mcu.externaltools.gnu-tools-for-stm32.9-2020-q2-update.win32_2.0.0.202105311346/tools/bin/../lib/gcc/arm-none-eabi/9.3.1/../../../../arm-none-eabi/lib/thumb/v7e-m+dp/hard\libc_nano.a(lib_a-sprintf.o)
 .ARM.attributes
                0x00000000000004ed       0x32 d:/programs/st/stm32cubeide_1.8.0/stm32cubeide/plugins/com.st.stm32cube.ide.mcu.externaltools.gnu-tools-for-stm32.9-2020-q2-update.win32_2.0.0.202105311346/tools/bin/../lib/gcc/arm-none-eabi/9.3.1/../../../../arm-none-eabi/lib/thumb/v7e-m+dp/hard\libc_nano.a(lib_a-nano-svfprintf.o)
 .ARM.attributes
                0x000000000000051f       0x32 d:/programs/st/stm32cubeide_1.8.0/stm32cubeide/plugins/com.st.stm32cube.ide.mcu.externaltools.gnu-tools-for-stm32.9-2020-q2-update.win32_2.0.0.202105311346/tools/bin/../lib/gcc/arm-none-eabi/9.3.1/../../../../arm-none-eabi/lib/thumb/v7e-m+dp/hard\libc_nano.a(lib_a-nano-vfprintf_i.o)
 .ARM.attributes
                0x0000000000000551       0x1c d:/programs/st/stm32cubeide_1.8.0/stm32cubeide/plugins/com.st.stm32cube.ide.mcu.externaltools.gnu-tools-for-stm32.9-2020-q2-update.win32_2.0.0.202105311346/tools/bin/../lib/gcc/arm-none-eabi/9.3.1/../../../../arm-none-eabi/lib/thumb/v7e-m+dp/hard\libc_nano.a(lib_a-memchr.o)
 .ARM.attributes
                0x000000000000056d       0x32 d:/programs/st/stm32cubeide_1.8.0/stm32cubeide/plugins/com.st.stm32cube.ide.mcu.externaltools.gnu-tools-for-stm32.9-2020-q2-update.win32_2.0.0.202105311346/tools/bin/../lib/gcc/arm-none-eabi/9.3.1/../../../../arm-none-eabi/lib/thumb/v7e-m+dp/hard\libc_nano.a(lib_a-memcpy-stub.o)
 .ARM.attributes
                0x000000000000059f       0x32 d:/programs/st/stm32cubeide_1.8.0/stm32cubeide/plugins/com.st.stm32cube.ide.mcu.externaltools.gnu-tools-for-stm32.9-2020-q2-update.win32_2.0.0.202105311346/tools/bin/../lib/gcc/arm-none-eabi/9.3.1/../../../../arm-none-eabi/lib/thumb/v7e-m+dp/hard\libc_nano.a(lib_a-memmove.o)
 .ARM.attributes
                0x00000000000005d1       0x32 d:/programs/st/stm32cubeide_1.8.0/stm32cubeide/plugins/com.st.stm32cube.ide.mcu.externaltools.gnu-tools-for-stm32.9-2020-q2-update.win32_2.0.0.202105311346/tools/bin/../lib/gcc/arm-none-eabi/9.3.1/../../../../arm-none-eabi/lib/thumb/v7e-m+dp/hard\libc_nano.a(lib_a-nano-freer.o)
 .ARM.attributes
                0x0000000000000603       0x32 d:/programs/st/stm32cubeide_1.8.0/stm32cubeide/plugins/com.st.stm32cube.ide.mcu.externaltools.gnu-tools-for-stm32.9-2020-q2-update.win32_2.0.0.202105311346/tools/bin/../lib/gcc/arm-none-eabi/9.3.1/../../../../arm-none-eabi/lib/thumb/v7e-m+dp/hard\libc_nano.a(lib_a-nano-mallocr.o)
 .ARM.attributes
                0x0000000000000635       0x32 d:/programs/st/stm32cubeide_1.8.0/stm32cubeide/plugins/com.st.stm32cube.ide.mcu.externaltools.gnu-tools-for-stm32.9-2020-q2-update.win32_2.0.0.202105311346/tools/bin/../lib/gcc/arm-none-eabi/9.3.1/../../../../arm-none-eabi/lib/thumb/v7e-m+dp/hard\libc_nano.a(lib_a-nano-reallocr.o)
 .ARM.attributes
                0x0000000000000667       0x32 d:/programs/st/stm32cubeide_1.8.0/stm32cubeide/plugins/com.st.stm32cube.ide.mcu.externaltools.gnu-tools-for-stm32.9-2020-q2-update.win32_2.0.0.202105311346/tools/bin/../lib/gcc/arm-none-eabi/9.3.1/../../../../arm-none-eabi/lib/thumb/v7e-m+dp/hard\libc_nano.a(lib_a-sbrkr.o)
 .ARM.attributes
                0x0000000000000699       0x32 d:/programs/st/stm32cubeide_1.8.0/stm32cubeide/plugins/com.st.stm32cube.ide.mcu.externaltools.gnu-tools-for-stm32.9-2020-q2-update.win32_2.0.0.202105311346/tools/bin/../lib/gcc/arm-none-eabi/9.3.1/../../../../arm-none-eabi/lib/thumb/v7e-m+dp/hard\libc_nano.a(lib_a-mlock.o)
 .ARM.attributes
                0x00000000000006cb       0x32 d:/programs/st/stm32cubeide_1.8.0/stm32cubeide/plugins/com.st.stm32cube.ide.mcu.externaltools.gnu-tools-for-stm32.9-2020-q2-update.win32_2.0.0.202105311346/tools/bin/../lib/gcc/arm-none-eabi/9.3.1/../../../../arm-none-eabi/lib/thumb/v7e-m+dp/hard\libc_nano.a(lib_a-nano-msizer.o)
 .ARM.attributes
                0x00000000000006fd       0x32 d:/programs/st/stm32cubeide_1.8.0/stm32cubeide/plugins/com.st.stm32cube.ide.mcu.externaltools.gnu-tools-for-stm32.9-2020-q2-update.win32_2.0.0.202105311346/tools/bin/../lib/gcc/arm-none-eabi/9.3.1/../../../../arm-none-eabi/lib/thumb/v7e-m+dp/hard\libc_nano.a(lib_a-reent.o)
 .ARM.attributes
                0x000000000000072f       0x32 d:/programs/st/stm32cubeide_1.8.0/stm32cubeide/plugins/com.st.stm32cube.ide.mcu.externaltools.gnu-tools-for-stm32.9-2020-q2-update.win32_2.0.0.202105311346/tools/bin/../lib/gcc/arm-none-eabi/9.3.1/../../../../arm-none-eabi/lib/thumb/v7e-m+dp/hard\libc_nano.a(lib_a-lock.o)
 .ARM.attributes
                0x0000000000000761       0x1e d:/programs/st/stm32cubeide_1.8.0/stm32cubeide/plugins/com.st.stm32cube.ide.mcu.externaltools.gnu-tools-for-stm32.9-2020-q2-update.win32_2.0.0.202105311346/tools/bin/../lib/gcc/arm-none-eabi/9.3.1/thumb/v7e-m+dp/hard\libgcc.a(_aeabi_uldivmod.o)
 .ARM.attributes
                0x000000000000077f       0x32 d:/programs/st/stm32cubeide_1.8.0/stm32cubeide/plugins/com.st.stm32cube.ide.mcu.externaltools.gnu-tools-for-stm32.9-2020-q2-update.win32_2.0.0.202105311346/tools/bin/../lib/gcc/arm-none-eabi/9.3.1/thumb/v7e-m+dp/hard\libgcc.a(_udivmoddi4.o)
 .ARM.attributes
                0x00000000000007b1       0x1e d:/programs/st/stm32cubeide_1.8.0/stm32cubeide/plugins/com.st.stm32cube.ide.mcu.externaltools.gnu-tools-for-stm32.9-2020-q2-update.win32_2.0.0.202105311346/tools/bin/../lib/gcc/arm-none-eabi/9.3.1/thumb/v7e-m+dp/hard\libgcc.a(_dvmd_tls.o)
 .ARM.attributes
                0x00000000000007cf       0x1e d:/programs/st/stm32cubeide_1.8.0/stm32cubeide/plugins/com.st.stm32cube.ide.mcu.externaltools.gnu-tools-for-stm32.9-2020-q2-update.win32_2.0.0.202105311346/tools/bin/../lib/gcc/arm-none-eabi/9.3.1/thumb/v7e-m+dp/hard/crtn.o
OUTPUT(SnakeF7_NEW.elf elf32-littlearm)
LOAD linker stubs
LOAD d:/programs/st/stm32cubeide_1.8.0/stm32cubeide/plugins/com.st.stm32cube.ide.mcu.externaltools.gnu-tools-for-stm32.9-2020-q2-update.win32_2.0.0.202105311346/tools/bin/../lib/gcc/arm-none-eabi/9.3.1/../../../../arm-none-eabi/lib/thumb/v7e-m+dp/hard\libc.a
LOAD d:/programs/st/stm32cubeide_1.8.0/stm32cubeide/plugins/com.st.stm32cube.ide.mcu.externaltools.gnu-tools-for-stm32.9-2020-q2-update.win32_2.0.0.202105311346/tools/bin/../lib/gcc/arm-none-eabi/9.3.1/../../../../arm-none-eabi/lib/thumb/v7e-m+dp/hard\libm.a
LOAD d:/programs/st/stm32cubeide_1.8.0/stm32cubeide/plugins/com.st.stm32cube.ide.mcu.externaltools.gnu-tools-for-stm32.9-2020-q2-update.win32_2.0.0.202105311346/tools/bin/../lib/gcc/arm-none-eabi/9.3.1/thumb/v7e-m+dp/hard\libgcc.a

.debug_info     0x0000000000000000    0x12b17
 .debug_info    0x0000000000000000     0x288c ./Core/Src/main.o
 .debug_info    0x000000000000288c     0x151f ./Core/Src/stm32f7xx_hal_msp.o
 .debug_info    0x0000000000003dab      0x222 ./Core/Src/stm32f7xx_it.o
 .debug_info    0x0000000000003fcd      0xa25 ./Core/Src/sysmem.o
 .debug_info    0x00000000000049f2      0x7ad ./Core/Src/system_stm32f7xx.o
 .debug_info    0x000000000000519f       0x22 ./Core/Startup/startup_stm32f767zitx.o
 .debug_info    0x00000000000051c1     0x19e2 ./Core/XPT2046/LCD.o
 .debug_info    0x0000000000006ba3      0xab8 ./Drivers/STM32F7xx_HAL_Driver/Src/stm32f7xx_hal.o
 .debug_info    0x000000000000765b      0xd86 ./Drivers/STM32F7xx_HAL_Driver/Src/stm32f7xx_hal_adc.o
 .debug_info    0x00000000000083e1      0xbae ./Drivers/STM32F7xx_HAL_Driver/Src/stm32f7xx_hal_adc_ex.o
 .debug_info    0x0000000000008f8f     0x1158 ./Drivers/STM32F7xx_HAL_Driver/Src/stm32f7xx_hal_cortex.o
 .debug_info    0x000000000000a0e7      0x876 ./Drivers/STM32F7xx_HAL_Driver/Src/stm32f7xx_hal_gpio.o
 .debug_info    0x000000000000a95d      0xa4c ./Drivers/STM32F7xx_HAL_Driver/Src/stm32f7xx_hal_pwr.o
 .debug_info    0x000000000000b3a9      0x9f6 ./Drivers/STM32F7xx_HAL_Driver/Src/stm32f7xx_hal_pwr_ex.o
 .debug_info    0x000000000000bd9f      0xa28 ./Drivers/STM32F7xx_HAL_Driver/Src/stm32f7xx_hal_rcc.o
 .debug_info    0x000000000000c7c7      0x853 ./Drivers/STM32F7xx_HAL_Driver/Src/stm32f7xx_hal_rcc_ex.o
 .debug_info    0x000000000000d01a      0x597 ./Drivers/STM32F7xx_HAL_Driver/Src/stm32f7xx_hal_rng.o
 .debug_info    0x000000000000d5b1     0x186a ./Drivers/STM32F7xx_HAL_Driver/Src/stm32f7xx_hal_spi.o
 .debug_info    0x000000000000ee1b     0x3cfc ./Drivers/STM32F7xx_HAL_Driver/Src/stm32f7xx_hal_uart.o

.debug_abbrev   0x0000000000000000     0x2743
 .debug_abbrev  0x0000000000000000      0x3a8 ./Core/Src/main.o
 .debug_abbrev  0x00000000000003a8      0x206 ./Core/Src/stm32f7xx_hal_msp.o
 .debug_abbrev  0x00000000000005ae       0xd2 ./Core/Src/stm32f7xx_it.o
 .debug_abbrev  0x0000000000000680      0x1bf ./Core/Src/sysmem.o
 .debug_abbrev  0x000000000000083f      0x165 ./Core/Src/system_stm32f7xx.o
 .debug_abbrev  0x00000000000009a4       0x12 ./Core/Startup/startup_stm32f767zitx.o
 .debug_abbrev  0x00000000000009b6      0x2ec ./Core/XPT2046/LCD.o
 .debug_abbrev  0x0000000000000ca2      0x1ed ./Drivers/STM32F7xx_HAL_Driver/Src/stm32f7xx_hal.o
 .debug_abbrev  0x0000000000000e8f      0x22f ./Drivers/STM32F7xx_HAL_Driver/Src/stm32f7xx_hal_adc.o
 .debug_abbrev  0x00000000000010be      0x24a ./Drivers/STM32F7xx_HAL_Driver/Src/stm32f7xx_hal_adc_ex.o
 .debug_abbrev  0x0000000000001308      0x33c ./Drivers/STM32F7xx_HAL_Driver/Src/stm32f7xx_hal_cortex.o
 .debug_abbrev  0x0000000000001644      0x1f1 ./Drivers/STM32F7xx_HAL_Driver/Src/stm32f7xx_hal_gpio.o
 .debug_abbrev  0x0000000000001835      0x1de ./Drivers/STM32F7xx_HAL_Driver/Src/stm32f7xx_hal_pwr.o
 .debug_abbrev  0x0000000000001a13      0x1dc ./Drivers/STM32F7xx_HAL_Driver/Src/stm32f7xx_hal_pwr_ex.o
 .debug_abbrev  0x0000000000001bef      0x29c ./Drivers/STM32F7xx_HAL_Driver/Src/stm32f7xx_hal_rcc.o
 .debug_abbrev  0x0000000000001e8b      0x1d1 ./Drivers/STM32F7xx_HAL_Driver/Src/stm32f7xx_hal_rcc_ex.o
 .debug_abbrev  0x000000000000205c      0x1e0 ./Drivers/STM32F7xx_HAL_Driver/Src/stm32f7xx_hal_rng.o
 .debug_abbrev  0x000000000000223c      0x254 ./Drivers/STM32F7xx_HAL_Driver/Src/stm32f7xx_hal_spi.o
 .debug_abbrev  0x0000000000002490      0x2b3 ./Drivers/STM32F7xx_HAL_Driver/Src/stm32f7xx_hal_uart.o

.debug_aranges  0x0000000000000000      0xd58
 .debug_aranges
                0x0000000000000000       0xe8 ./Core/Src/main.o
 .debug_aranges
                0x00000000000000e8       0x60 ./Core/Src/stm32f7xx_hal_msp.o
 .debug_aranges
                0x0000000000000148       0x60 ./Core/Src/stm32f7xx_it.o
 .debug_aranges
                0x00000000000001a8       0x20 ./Core/Src/sysmem.o
 .debug_aranges
                0x00000000000001c8       0x28 ./Core/Src/system_stm32f7xx.o
 .debug_aranges
                0x00000000000001f0       0x28 ./Core/Startup/startup_stm32f767zitx.o
 .debug_aranges
                0x0000000000000218       0xc0 ./Core/XPT2046/LCD.o
 .debug_aranges
                0x00000000000002d8      0x110 ./Drivers/STM32F7xx_HAL_Driver/Src/stm32f7xx_hal.o
 .debug_aranges
                0x00000000000003e8       0xe8 ./Drivers/STM32F7xx_HAL_Driver/Src/stm32f7xx_hal_adc.o
 .debug_aranges
                0x00000000000004d0       0x90 ./Drivers/STM32F7xx_HAL_Driver/Src/stm32f7xx_hal_adc_ex.o
 .debug_aranges
                0x0000000000000560      0x118 ./Drivers/STM32F7xx_HAL_Driver/Src/stm32f7xx_hal_cortex.o
 .debug_aranges
                0x0000000000000678       0x58 ./Drivers/STM32F7xx_HAL_Driver/Src/stm32f7xx_hal_gpio.o
 .debug_aranges
                0x00000000000006d0       0xa0 ./Drivers/STM32F7xx_HAL_Driver/Src/stm32f7xx_hal_pwr.o
 .debug_aranges
                0x0000000000000770       0x80 ./Drivers/STM32F7xx_HAL_Driver/Src/stm32f7xx_hal_pwr_ex.o
 .debug_aranges
                0x00000000000007f0       0x88 ./Drivers/STM32F7xx_HAL_Driver/Src/stm32f7xx_hal_rcc.o
 .debug_aranges
                0x0000000000000878       0x50 ./Drivers/STM32F7xx_HAL_Driver/Src/stm32f7xx_hal_rcc_ex.o
 .debug_aranges
                0x00000000000008c8       0x88 ./Drivers/STM32F7xx_HAL_Driver/Src/stm32f7xx_hal_rng.o
 .debug_aranges
                0x0000000000000950      0x1d8 ./Drivers/STM32F7xx_HAL_Driver/Src/stm32f7xx_hal_spi.o
 .debug_aranges
                0x0000000000000b28      0x230 ./Drivers/STM32F7xx_HAL_Driver/Src/stm32f7xx_hal_uart.o

.debug_ranges   0x0000000000000000      0xc60
 .debug_ranges  0x0000000000000000       0xd8 ./Core/Src/main.o
 .debug_ranges  0x00000000000000d8       0x50 ./Core/Src/stm32f7xx_hal_msp.o
 .debug_ranges  0x0000000000000128       0x50 ./Core/Src/stm32f7xx_it.o
 .debug_ranges  0x0000000000000178       0x10 ./Core/Src/sysmem.o
 .debug_ranges  0x0000000000000188       0x18 ./Core/Src/system_stm32f7xx.o
 .debug_ranges  0x00000000000001a0       0x20 ./Core/Startup/startup_stm32f767zitx.o
 .debug_ranges  0x00000000000001c0       0xb0 ./Core/XPT2046/LCD.o
 .debug_ranges  0x0000000000000270      0x100 ./Drivers/STM32F7xx_HAL_Driver/Src/stm32f7xx_hal.o
 .debug_ranges  0x0000000000000370       0xd8 ./Drivers/STM32F7xx_HAL_Driver/Src/stm32f7xx_hal_adc.o
 .debug_ranges  0x0000000000000448       0x80 ./Drivers/STM32F7xx_HAL_Driver/Src/stm32f7xx_hal_adc_ex.o
 .debug_ranges  0x00000000000004c8      0x108 ./Drivers/STM32F7xx_HAL_Driver/Src/stm32f7xx_hal_cortex.o
 .debug_ranges  0x00000000000005d0       0x48 ./Drivers/STM32F7xx_HAL_Driver/Src/stm32f7xx_hal_gpio.o
 .debug_ranges  0x0000000000000618       0x90 ./Drivers/STM32F7xx_HAL_Driver/Src/stm32f7xx_hal_pwr.o
 .debug_ranges  0x00000000000006a8       0x70 ./Drivers/STM32F7xx_HAL_Driver/Src/stm32f7xx_hal_pwr_ex.o
 .debug_ranges  0x0000000000000718       0x78 ./Drivers/STM32F7xx_HAL_Driver/Src/stm32f7xx_hal_rcc.o
 .debug_ranges  0x0000000000000790       0x40 ./Drivers/STM32F7xx_HAL_Driver/Src/stm32f7xx_hal_rcc_ex.o
 .debug_ranges  0x00000000000007d0       0x78 ./Drivers/STM32F7xx_HAL_Driver/Src/stm32f7xx_hal_rng.o
 .debug_ranges  0x0000000000000848      0x1c8 ./Drivers/STM32F7xx_HAL_Driver/Src/stm32f7xx_hal_spi.o
 .debug_ranges  0x0000000000000a10      0x250 ./Drivers/STM32F7xx_HAL_Driver/Src/stm32f7xx_hal_uart.o

.debug_macro    0x0000000000000000    0x28d8d
 .debug_macro   0x0000000000000000      0x4a0 ./Core/Src/main.o
 .debug_macro   0x00000000000004a0      0xac0 ./Core/Src/main.o
 .debug_macro   0x0000000000000f60      0x29f ./Core/Src/main.o
 .debug_macro   0x00000000000011ff       0x2e ./Core/Src/main.o
 .debug_macro   0x000000000000122d       0x3b ./Core/Src/main.o
 .debug_macro   0x0000000000001268       0x22 ./Core/Src/main.o
 .debug_macro   0x000000000000128a       0x8e ./Core/Src/main.o
 .debug_macro   0x0000000000001318       0x51 ./Core/Src/main.o
 .debug_macro   0x0000000000001369      0x103 ./Core/Src/main.o
 .debug_macro   0x000000000000146c       0x6a ./Core/Src/main.o
 .debug_macro   0x00000000000014d6      0x1df ./Core/Src/main.o
 .debug_macro   0x00000000000016b5       0x1c ./Core/Src/main.o
 .debug_macro   0x00000000000016d1       0x22 ./Core/Src/main.o
 .debug_macro   0x00000000000016f3       0xdf ./Core/Src/main.o
 .debug_macro   0x00000000000017d2     0x12cd ./Core/Src/main.o
 .debug_macro   0x0000000000002a9f      0x11f ./Core/Src/main.o
 .debug_macro   0x0000000000002bbe       0x19 ./Core/Src/main.o
 .debug_macro   0x0000000000002bd7    0x1a9dd ./Core/Src/main.o
 .debug_macro   0x000000000001d5b4       0x6d ./Core/Src/main.o
 .debug_macro   0x000000000001d621     0x3714 ./Core/Src/main.o
 .debug_macro   0x0000000000020d35      0x174 ./Core/Src/main.o
 .debug_macro   0x0000000000020ea9       0x63 ./Core/Src/main.o
 .debug_macro   0x0000000000020f0c     0x1add ./Core/Src/main.o
 .debug_macro   0x00000000000229e9      0x6c4 ./Core/Src/main.o
 .debug_macro   0x00000000000230ad      0x18b ./Core/Src/main.o
 .debug_macro   0x0000000000023238      0x115 ./Core/Src/main.o
 .debug_macro   0x000000000002334d      0x26e ./Core/Src/main.o
 .debug_macro   0x00000000000235bb       0xa5 ./Core/Src/main.o
 .debug_macro   0x0000000000023660      0x24f ./Core/Src/main.o
 .debug_macro   0x00000000000238af       0x71 ./Core/Src/main.o
 .debug_macro   0x0000000000023920       0x58 ./Core/Src/main.o
 .debug_macro   0x0000000000023978      0x236 ./Core/Src/main.o
 .debug_macro   0x0000000000023bae      0x416 ./Core/Src/main.o
 .debug_macro   0x0000000000023fc4      0x153 ./Core/Src/main.o
 .debug_macro   0x0000000000024117      0x107 ./Core/Src/main.o
 .debug_macro   0x000000000002421e      0x14e ./Core/Src/main.o
 .debug_macro   0x000000000002436c      0x3db ./Core/Src/main.o
 .debug_macro   0x0000000000024747       0x12 ./Core/Src/main.o
 .debug_macro   0x0000000000024759      0x22c ./Core/Src/main.o
 .debug_macro   0x0000000000024985       0x61 ./Core/Src/main.o
 .debug_macro   0x00000000000249e6       0xa5 ./Core/Src/main.o
 .debug_macro   0x0000000000024a8b      0x12e ./Core/Src/main.o
 .debug_macro   0x0000000000024bb9      0x108 ./Core/Src/main.o
 .debug_macro   0x0000000000024cc1       0x35 ./Core/Src/main.o
 .debug_macro   0x0000000000024cf6       0xa4 ./Core/Src/main.o
 .debug_macro   0x0000000000024d9a      0x2fe ./Core/Src/main.o
 .debug_macro   0x0000000000025098      0x5a5 ./Core/Src/main.o
 .debug_macro   0x000000000002563d       0x44 ./Core/Src/main.o
 .debug_macro   0x0000000000025681      0x15b ./Core/Src/main.o
 .debug_macro   0x00000000000257dc       0xf4 ./Core/Src/main.o
 .debug_macro   0x00000000000258d0       0x52 ./Core/Src/main.o
 .debug_macro   0x0000000000025922       0x17 ./Core/Src/main.o
 .debug_macro   0x0000000000025939       0x3c ./Core/Src/main.o
 .debug_macro   0x0000000000025975       0x34 ./Core/Src/main.o
 .debug_macro   0x00000000000259a9       0x16 ./Core/Src/main.o
 .debug_macro   0x00000000000259bf       0x35 ./Core/Src/main.o
 .debug_macro   0x00000000000259f4      0x333 ./Core/Src/main.o
 .debug_macro   0x0000000000025d27       0x10 ./Core/Src/main.o
 .debug_macro   0x0000000000025d37       0x16 ./Core/Src/main.o
 .debug_macro   0x0000000000025d4d       0x43 ./Core/Src/main.o
 .debug_macro   0x0000000000025d90       0x34 ./Core/Src/main.o
 .debug_macro   0x0000000000025dc4       0x10 ./Core/Src/main.o
 .debug_macro   0x0000000000025dd4       0x58 ./Core/Src/main.o
 .debug_macro   0x0000000000025e2c       0x71 ./Core/Src/main.o
 .debug_macro   0x0000000000025e9d       0x1c ./Core/Src/main.o
 .debug_macro   0x0000000000025eb9      0x12a ./Core/Src/main.o
 .debug_macro   0x0000000000025fe3       0x10 ./Core/Src/main.o
 .debug_macro   0x0000000000025ff3       0x1c ./Core/Src/main.o
 .debug_macro   0x000000000002600f       0x52 ./Core/Src/main.o
 .debug_macro   0x0000000000026061       0x22 ./Core/Src/main.o
 .debug_macro   0x0000000000026083       0x10 ./Core/Src/main.o
 .debug_macro   0x0000000000026093       0x40 ./Core/Src/main.o
 .debug_macro   0x00000000000260d3       0xd5 ./Core/Src/main.o
 .debug_macro   0x00000000000261a8       0x1c ./Core/Src/main.o
 .debug_macro   0x00000000000261c4       0x3d ./Core/Src/main.o
 .debug_macro   0x0000000000026201       0x16 ./Core/Src/main.o
 .debug_macro   0x0000000000026217      0x145 ./Core/Src/main.o
 .debug_macro   0x000000000002635c       0x16 ./Core/Src/main.o
 .debug_macro   0x0000000000026372       0x20 ./Core/Src/main.o
 .debug_macro   0x0000000000026392       0x22 ./Core/Src/main.o
 .debug_macro   0x00000000000263b4       0x10 ./Core/Src/main.o
 .debug_macro   0x00000000000263c4      0x1a9 ./Core/Src/main.o
 .debug_macro   0x000000000002656d       0x16 ./Core/Src/main.o
 .debug_macro   0x0000000000026583       0x16 ./Core/Src/main.o
 .debug_macro   0x0000000000026599       0x29 ./Core/Src/main.o
 .debug_macro   0x00000000000265c2       0xc4 ./Core/Src/main.o
 .debug_macro   0x0000000000026686       0x22 ./Core/Src/main.o
 .debug_macro   0x00000000000266a8       0x16 ./Core/Src/main.o
 .debug_macro   0x00000000000266be       0x10 ./Core/Src/main.o
 .debug_macro   0x00000000000266ce      0x216 ./Core/Src/stm32f7xx_hal_msp.o
 .debug_macro   0x00000000000268e4      0x220 ./Core/Src/stm32f7xx_it.o
 .debug_macro   0x0000000000026b04       0xff ./Core/Src/sysmem.o
 .debug_macro   0x0000000000026c03      0x23b ./Core/Src/sysmem.o
 .debug_macro   0x0000000000026e3e      0x207 ./Core/Src/system_stm32f7xx.o
 .debug_macro   0x0000000000027045      0x307 ./Core/XPT2046/LCD.o
 .debug_macro   0x000000000002734c       0xd9 ./Core/XPT2046/LCD.o
 .debug_macro   0x0000000000027425       0x5d ./Core/XPT2046/LCD.o
 .debug_macro   0x0000000000027482      0x22b ./Drivers/STM32F7xx_HAL_Driver/Src/stm32f7xx_hal.o
 .debug_macro   0x00000000000276ad      0x208 ./Drivers/STM32F7xx_HAL_Driver/Src/stm32f7xx_hal_adc.o
 .debug_macro   0x00000000000278b5      0x207 ./Drivers/STM32F7xx_HAL_Driver/Src/stm32f7xx_hal_adc_ex.o
 .debug_macro   0x0000000000027abc      0x207 ./Drivers/STM32F7xx_HAL_Driver/Src/stm32f7xx_hal_cortex.o
 .debug_macro   0x0000000000027cc3      0x20d ./Drivers/STM32F7xx_HAL_Driver/Src/stm32f7xx_hal_gpio.o
 .debug_macro   0x0000000000027ed0      0x225 ./Drivers/STM32F7xx_HAL_Driver/Src/stm32f7xx_hal_pwr.o
 .debug_macro   0x00000000000280f5      0x21f ./Drivers/STM32F7xx_HAL_Driver/Src/stm32f7xx_hal_pwr_ex.o
 .debug_macro   0x0000000000028314      0x22b ./Drivers/STM32F7xx_HAL_Driver/Src/stm32f7xx_hal_rcc.o
 .debug_macro   0x000000000002853f      0x207 ./Drivers/STM32F7xx_HAL_Driver/Src/stm32f7xx_hal_rcc_ex.o
 .debug_macro   0x0000000000028746      0x20d ./Drivers/STM32F7xx_HAL_Driver/Src/stm32f7xx_hal_rng.o
 .debug_macro   0x0000000000028953      0x216 ./Drivers/STM32F7xx_HAL_Driver/Src/stm32f7xx_hal_spi.o
 .debug_macro   0x0000000000028b69      0x224 ./Drivers/STM32F7xx_HAL_Driver/Src/stm32f7xx_hal_uart.o

.debug_line     0x0000000000000000    0x11644
 .debug_line    0x0000000000000000     0x165f ./Core/Src/main.o
 .debug_line    0x000000000000165f      0x89c ./Core/Src/stm32f7xx_hal_msp.o
 .debug_line    0x0000000000001efb      0x820 ./Core/Src/stm32f7xx_it.o
 .debug_line    0x000000000000271b      0x525 ./Core/Src/sysmem.o
 .debug_line    0x0000000000002c40      0x7dd ./Core/Src/system_stm32f7xx.o
 .debug_line    0x000000000000341d       0x88 ./Core/Startup/startup_stm32f767zitx.o
 .debug_line    0x00000000000034a5      0xf9d ./Core/XPT2046/LCD.o
 .debug_line    0x0000000000004442      0xa9e ./Drivers/STM32F7xx_HAL_Driver/Src/stm32f7xx_hal.o
 .debug_line    0x0000000000004ee0     0x12a6 ./Drivers/STM32F7xx_HAL_Driver/Src/stm32f7xx_hal_adc.o
 .debug_line    0x0000000000006186      0xee0 ./Drivers/STM32F7xx_HAL_Driver/Src/stm32f7xx_hal_adc_ex.o
 .debug_line    0x0000000000007066      0xcf4 ./Drivers/STM32F7xx_HAL_Driver/Src/stm32f7xx_hal_cortex.o
 .debug_line    0x0000000000007d5a      0xbe2 ./Drivers/STM32F7xx_HAL_Driver/Src/stm32f7xx_hal_gpio.o
 .debug_line    0x000000000000893c      0x972 ./Drivers/STM32F7xx_HAL_Driver/Src/stm32f7xx_hal_pwr.o
 .debug_line    0x00000000000092ae      0x9e3 ./Drivers/STM32F7xx_HAL_Driver/Src/stm32f7xx_hal_pwr_ex.o
 .debug_line    0x0000000000009c91      0xee0 ./Drivers/STM32F7xx_HAL_Driver/Src/stm32f7xx_hal_rcc.o
 .debug_line    0x000000000000ab71      0xebc ./Drivers/STM32F7xx_HAL_Driver/Src/stm32f7xx_hal_rcc_ex.o
 .debug_line    0x000000000000ba2d      0x9d4 ./Drivers/STM32F7xx_HAL_Driver/Src/stm32f7xx_hal_rng.o
 .debug_line    0x000000000000c401     0x1fcc ./Drivers/STM32F7xx_HAL_Driver/Src/stm32f7xx_hal_spi.o
 .debug_line    0x000000000000e3cd     0x3277 ./Drivers/STM32F7xx_HAL_Driver/Src/stm32f7xx_hal_uart.o

.debug_str      0x0000000000000000    0xfb475
 .debug_str     0x0000000000000000    0xf7bea ./Core/Src/main.o
                                      0xf84cd (size before relaxing)
 .debug_str     0x00000000000f7bea      0x33a ./Core/Src/stm32f7xx_hal_msp.o
                                      0xf2df2 (size before relaxing)
 .debug_str     0x00000000000f7f24       0xbd ./Core/Src/stm32f7xx_it.o
                                      0xf2155 (size before relaxing)
 .debug_str     0x00000000000f7fe1      0x4e9 ./Core/Src/sysmem.o
                                       0x62d6 (size before relaxing)
 .debug_str     0x00000000000f84ca      0x178 ./Core/Src/system_stm32f7xx.o
                                      0xf1f8a (size before relaxing)
 .debug_str     0x00000000000f8642       0x36 ./Core/Startup/startup_stm32f767zitx.o
                                         0x5e (size before relaxing)
 .debug_str     0x00000000000f8678      0x2ba ./Core/XPT2046/LCD.o
                                      0xf6797 (size before relaxing)
 .debug_str     0x00000000000f8932      0x9e7 ./Drivers/STM32F7xx_HAL_Driver/Src/stm32f7xx_hal.o
                                      0xf2928 (size before relaxing)
 .debug_str     0x00000000000f9319      0x29b ./Drivers/STM32F7xx_HAL_Driver/Src/stm32f7xx_hal_adc.o
                                      0xf2451 (size before relaxing)
 .debug_str     0x00000000000f95b4      0x221 ./Drivers/STM32F7xx_HAL_Driver/Src/stm32f7xx_hal_adc_ex.o
                                      0xf247c (size before relaxing)
 .debug_str     0x00000000000f97d5      0x388 ./Drivers/STM32F7xx_HAL_Driver/Src/stm32f7xx_hal_cortex.o
                                      0xf2994 (size before relaxing)
 .debug_str     0x00000000000f9b5d      0x143 ./Drivers/STM32F7xx_HAL_Driver/Src/stm32f7xx_hal_gpio.o
                                      0xf2074 (size before relaxing)
 .debug_str     0x00000000000f9ca0      0x2c5 ./Drivers/STM32F7xx_HAL_Driver/Src/stm32f7xx_hal_pwr.o
                                      0xf2257 (size before relaxing)
 .debug_str     0x00000000000f9f65      0x1bd ./Drivers/STM32F7xx_HAL_Driver/Src/stm32f7xx_hal_pwr_ex.o
                                      0xf2219 (size before relaxing)
 .debug_str     0x00000000000fa122      0x27f ./Drivers/STM32F7xx_HAL_Driver/Src/stm32f7xx_hal_rcc.o
                                      0xf22d3 (size before relaxing)
 .debug_str     0x00000000000fa3a1      0x161 ./Drivers/STM32F7xx_HAL_Driver/Src/stm32f7xx_hal_rcc_ex.o
                                      0xf2288 (size before relaxing)
 .debug_str     0x00000000000fa502      0x175 ./Drivers/STM32F7xx_HAL_Driver/Src/stm32f7xx_hal_rng.o
                                      0xf1fcf (size before relaxing)
 .debug_str     0x00000000000fa677      0x5af ./Drivers/STM32F7xx_HAL_Driver/Src/stm32f7xx_hal_spi.o
                                      0xf27aa (size before relaxing)
 .debug_str     0x00000000000fac26      0x84f ./Drivers/STM32F7xx_HAL_Driver/Src/stm32f7xx_hal_uart.o
                                      0xf2bc8 (size before relaxing)

.comment        0x0000000000000000       0x53
 .comment       0x0000000000000000       0x53 ./Core/Src/main.o
                                         0x54 (size before relaxing)
 .comment       0x0000000000000053       0x54 ./Core/Src/stm32f7xx_hal_msp.o
 .comment       0x0000000000000053       0x54 ./Core/Src/stm32f7xx_it.o
 .comment       0x0000000000000053       0x54 ./Core/Src/sysmem.o
 .comment       0x0000000000000053       0x54 ./Core/Src/system_stm32f7xx.o
 .comment       0x0000000000000053       0x54 ./Core/XPT2046/LCD.o
 .comment       0x0000000000000053       0x54 ./Drivers/STM32F7xx_HAL_Driver/Src/stm32f7xx_hal.o
 .comment       0x0000000000000053       0x54 ./Drivers/STM32F7xx_HAL_Driver/Src/stm32f7xx_hal_adc.o
 .comment       0x0000000000000053       0x54 ./Drivers/STM32F7xx_HAL_Driver/Src/stm32f7xx_hal_adc_ex.o
 .comment       0x0000000000000053       0x54 ./Drivers/STM32F7xx_HAL_Driver/Src/stm32f7xx_hal_cortex.o
 .comment       0x0000000000000053       0x54 ./Drivers/STM32F7xx_HAL_Driver/Src/stm32f7xx_hal_gpio.o
 .comment       0x0000000000000053       0x54 ./Drivers/STM32F7xx_HAL_Driver/Src/stm32f7xx_hal_pwr.o
 .comment       0x0000000000000053       0x54 ./Drivers/STM32F7xx_HAL_Driver/Src/stm32f7xx_hal_pwr_ex.o
 .comment       0x0000000000000053       0x54 ./Drivers/STM32F7xx_HAL_Driver/Src/stm32f7xx_hal_rcc.o
 .comment       0x0000000000000053       0x54 ./Drivers/STM32F7xx_HAL_Driver/Src/stm32f7xx_hal_rcc_ex.o
 .comment       0x0000000000000053       0x54 ./Drivers/STM32F7xx_HAL_Driver/Src/stm32f7xx_hal_rng.o
 .comment       0x0000000000000053       0x54 ./Drivers/STM32F7xx_HAL_Driver/Src/stm32f7xx_hal_spi.o
 .comment       0x0000000000000053       0x54 ./Drivers/STM32F7xx_HAL_Driver/Src/stm32f7xx_hal_uart.o

.debug_frame    0x0000000000000000     0x3a48
 .debug_frame   0x0000000000000000      0x398 ./Core/Src/main.o
 .debug_frame   0x0000000000000398      0x160 ./Core/Src/stm32f7xx_hal_msp.o
 .debug_frame   0x00000000000004f8      0x104 ./Core/Src/stm32f7xx_it.o
 .debug_frame   0x00000000000005fc       0x34 ./Core/Src/sysmem.o
 .debug_frame   0x0000000000000630       0x58 ./Core/Src/system_stm32f7xx.o
 .debug_frame   0x0000000000000688      0x334 ./Core/XPT2046/LCD.o
 .debug_frame   0x00000000000009bc      0x3f4 ./Drivers/STM32F7xx_HAL_Driver/Src/stm32f7xx_hal.o
 .debug_frame   0x0000000000000db0      0x3fc ./Drivers/STM32F7xx_HAL_Driver/Src/stm32f7xx_hal_adc.o
 .debug_frame   0x00000000000011ac      0x250 ./Drivers/STM32F7xx_HAL_Driver/Src/stm32f7xx_hal_adc_ex.o
 .debug_frame   0x00000000000013fc      0x498 ./Drivers/STM32F7xx_HAL_Driver/Src/stm32f7xx_hal_cortex.o
 .debug_frame   0x0000000000001894      0x14c ./Drivers/STM32F7xx_HAL_Driver/Src/stm32f7xx_hal_gpio.o
 .debug_frame   0x00000000000019e0      0x254 ./Drivers/STM32F7xx_HAL_Driver/Src/stm32f7xx_hal_pwr.o
 .debug_frame   0x0000000000001c34      0x1c8 ./Drivers/STM32F7xx_HAL_Driver/Src/stm32f7xx_hal_pwr_ex.o
 .debug_frame   0x0000000000001dfc      0x1f4 ./Drivers/STM32F7xx_HAL_Driver/Src/stm32f7xx_hal_rcc.o