main.c:158:6:joy_direction	16	static
main.c:183:6:joy_digit	16	static
main.c:203:6:draw_snake	40	static
main.c:268:6:snake_to_field	16	static
main.c:275:6:upd_score	16	static
main.c:280:6:upd_turtles	16	static
main.c:285:6:draw_interface	56	static
main.c:323:6:new_snake	16	static
main.c:336:6:game_over	16	static
main.c:350:6:add_food	40	static
main.c:368:6:check_contact	8	static
main.c:396:6:shift_arr_snake	16	static
main.c:403:6:move_snake	8	static
main.c:439:6:draw_arrow	32	static
main.c:459:6:draw_menu	40	static
main.c:496:6:change_color	16	static
main.c:510:6:menu	16	static
main.c:550:6:start_game	8	static
main.c:563:5:main	8	static
main.c:652:6:SystemClock_Config	88	static
main.c:710:13:MX_ADC3_Init	56	static
main.c:798:13:MX_RNG_Init	8	static
main.c:824:13:MX_SPI1_Init	8	static
main.c:864:13:MX_USART3_UART_Init	8	static
main.c:899:13:MX_GPIO_Init	64	static
main.c:995:6:Error_Handler	4	static,ignoring_inline_asm
